2026-10-01 17:17:22  v4.3a/monthly/E
Transferring file `E_1980_GLEAM_v4.3a_MO.nc'
Transferring file `E_1981_GLEAM_v4.3a_MO.nc'
Transferring file `E_1982_GLEAM_v4.3a_MO.nc'
Transferring file `E_1983_GLEAM_v4.3a_MO.nc'
Transferring file `E_1984_GLEAM_v4.3a_MO.nc'
Transferring file `E_1985_GLEAM_v4.3a_MO.nc'
Transferring file `E_1986_GLEAM_v4.3a_MO.nc'
Transferring file `E_1987_GLEAM_v4.3a_MO.nc'
Transferring file `E_1988_GLEAM_v4.3a_MO.nc'
Transferring file `E_1989_GLEAM_v4.3a_MO.nc'
Transferring file `E_1990_GLEAM_v4.3a_MO.nc'
Transferring file `E_1991_GLEAM_v4.3a_MO.nc'
Transferring file `E_1992_GLEAM_v4.3a_MO.nc'
Transferring file `E_1993_GLEAM_v4.3a_MO.nc'
Transferring file `E_1994_GLEAM_v4.3a_MO.nc'
Transferring file `E_1995_GLEAM_v4.3a_MO.nc'
Transferring file `E_1996_GLEAM_v4.3a_MO.nc'
Transferring file `E_1997_GLEAM_v4.3a_MO.nc'
Transferring file `E_1998_GLEAM_v4.3a_MO.nc'
Transferring file `E_1999_GLEAM_v4.3a_MO.nc'
Transferring file `E_2000_GLEAM_v4.3a_MO.nc'
Transferring file `E_2001_GLEAM_v4.3a_MO.nc'
Transferring file `E_2002_GLEAM_v4.3a_MO.nc'
Transferring file `E_2003_GLEAM_v4.3a_MO.nc'
Transferring file `E_2004_GLEAM_v4.3a_MO.nc'
Transferring file `E_2005_GLEAM_v4.3a_MO.nc'
Transferring file `E_2006_GLEAM_v4.3a_MO.nc'
Transferring file `E_2007_GLEAM_v4.3a_MO.nc'
Transferring file `E_2008_GLEAM_v4.3a_MO.nc'
Transferring file `E_2009_GLEAM_v4.3a_MO.nc'
Transferring file `E_2010_GLEAM_v4.3a_MO.nc'
Transferring file `E_2011_GLEAM_v4.3a_MO.nc'
Transferring file `E_2012_GLEAM_v4.3a_MO.nc'
Transferring file `E_2013_GLEAM_v4.3a_MO.nc'
Transferring file `E_2014_GLEAM_v4.3a_MO.nc'
Transferring file `E_2015_GLEAM_v4.3a_MO.nc'
Transferring file `E_2016_GLEAM_v4.3a_MO.nc'
Transferring file `E_2017_GLEAM_v4.3a_MO.nc'
Transferring file `E_2018_GLEAM_v4.3a_MO.nc'
Transferring file `E_2019_GLEAM_v4.3a_MO.nc'
Transferring file `E_2020_GLEAM_v4.3a_MO.nc'
Transferring file `E_2021_GLEAM_v4.3a_MO.nc'
Transferring file `E_2022_GLEAM_v4.3a_MO.nc'
Transferring file `E_2023_GLEAM_v4.3a_MO.nc'
Transferring file `E_2024_GLEAM_v4.3a_MO.nc'
Transferring file `E_2025_GLEAM_v4.3a_MO.nc'
2026-10-01 17:21:49  v4.3a/monthly/Et
Transferring file `Et_1980_GLEAM_v4.3a_MO.nc'
Transferring file `Et_1981_GLEAM_v4.3a_MO.nc'
Transferring file `Et_1982_GLEAM_v4.3a_MO.nc'
Transferring file `Et_1983_GLEAM_v4.3a_MO.nc'
Transferring file `Et_1984_GLEAM_v4.3a_MO.nc'
Transferring file `Et_1985_GLEAM_v4.3a_MO.nc'
Transferring file `Et_1986_GLEAM_v4.3a_MO.nc'
Transferring file `Et_1987_GLEAM_v4.3a_MO.nc'
Transferring file `Et_1988_GLEAM_v4.3a_MO.nc'
Transferring file `Et_1989_GLEAM_v4.3a_MO.nc'
Transferring file `Et_1990_GLEAM_v4.3a_MO.nc'
Transferring file `Et_1991_GLEAM_v4.3a_MO.nc'
Transferring file `Et_1992_GLEAM_v4.3a_MO.nc'
Transferring file `Et_1993_GLEAM_v4.3a_MO.nc'
Transferring file `Et_1994_GLEAM_v4.3a_MO.nc'
Transferring file `Et_1995_GLEAM_v4.3a_MO.nc'
Transferring file `Et_1996_GLEAM_v4.3a_MO.nc'
Transferring file `Et_1997_GLEAM_v4.3a_MO.nc'
Transferring file `Et_1998_GLEAM_v4.3a_MO.nc'
Transferring file `Et_1999_GLEAM_v4.3a_MO.nc'
Transferring file `Et_2000_GLEAM_v4.3a_MO.nc'
Transferring file `Et_2001_GLEAM_v4.3a_MO.nc'
Transferring file `Et_2002_GLEAM_v4.3a_MO.nc'
Transferring file `Et_2003_GLEAM_v4.3a_MO.nc'
Transferring file `Et_2004_GLEAM_v4.3a_MO.nc'
Transferring file `Et_2005_GLEAM_v4.3a_MO.nc'
Transferring file `Et_2006_GLEAM_v4.3a_MO.nc'
Transferring file `Et_2007_GLEAM_v4.3a_MO.nc'
Transferring file `Et_2008_GLEAM_v4.3a_MO.nc'
Transferring file `Et_2009_GLEAM_v4.3a_MO.nc'
Transferring file `Et_2010_GLEAM_v4.3a_MO.nc'
Transferring file `Et_2011_GLEAM_v4.3a_MO.nc'
Transferring file `Et_2012_GLEAM_v4.3a_MO.nc'
Transferring file `Et_2013_GLEAM_v4.3a_MO.nc'
Transferring file `Et_2014_GLEAM_v4.3a_MO.nc'
Transferring file `Et_2015_GLEAM_v4.3a_MO.nc'
Transferring file `Et_2016_GLEAM_v4.3a_MO.nc'
Transferring file `Et_2017_GLEAM_v4.3a_MO.nc'
Transferring file `Et_2018_GLEAM_v4.3a_MO.nc'
Transferring file `Et_2019_GLEAM_v4.3a_MO.nc'
Transferring file `Et_2020_GLEAM_v4.3a_MO.nc'
Transferring file `Et_2021_GLEAM_v4.3a_MO.nc'
Transferring file `Et_2022_GLEAM_v4.3a_MO.nc'
Transferring file `Et_2023_GLEAM_v4.3a_MO.nc'
Transferring file `Et_2024_GLEAM_v4.3a_MO.nc'
Transferring file `Et_2025_GLEAM_v4.3a_MO.nc'
2026-10-01 17:24:20  v4.3a/monthly/Ec
Transferring file `Ec_1980_GLEAM_v4.3a_MO.nc'
Transferring file `Ec_1981_GLEAM_v4.3a_MO.nc'
Transferring file `Ec_1982_GLEAM_v4.3a_MO.nc'
Transferring file `Ec_1983_GLEAM_v4.3a_MO.nc'
Transferring file `Ec_1984_GLEAM_v4.3a_MO.nc'
Transferring file `Ec_1985_GLEAM_v4.3a_MO.nc'
Transferring file `Ec_1986_GLEAM_v4.3a_MO.nc'
Transferring file `Ec_1987_GLEAM_v4.3a_MO.nc'
Transferring file `Ec_1988_GLEAM_v4.3a_MO.nc'
Transferring file `Ec_1989_GLEAM_v4.3a_MO.nc'
Transferring file `Ec_1990_GLEAM_v4.3a_MO.nc'
Transferring file `Ec_1991_GLEAM_v4.3a_MO.nc'
Transferring file `Ec_1992_GLEAM_v4.3a_MO.nc'
Transferring file `Ec_1993_GLEAM_v4.3a_MO.nc'
Transferring file `Ec_1994_GLEAM_v4.3a_MO.nc'
Transferring file `Ec_1995_GLEAM_v4.3a_MO.nc'
Transferring file `Ec_1996_GLEAM_v4.3a_MO.nc'
Transferring file `Ec_1997_GLEAM_v4.3a_MO.nc'
Transferring file `Ec_1998_GLEAM_v4.3a_MO.nc'
Transferring file `Ec_1999_GLEAM_v4.3a_MO.nc'
Transferring file `Ec_2000_GLEAM_v4.3a_MO.nc'
Transferring file `Ec_2001_GLEAM_v4.3a_MO.nc'
Transferring file `Ec_2002_GLEAM_v4.3a_MO.nc'
Transferring file `Ec_2003_GLEAM_v4.3a_MO.nc'
Transferring file `Ec_2004_GLEAM_v4.3a_MO.nc'
Transferring file `Ec_2005_GLEAM_v4.3a_MO.nc'
Transferring file `Ec_2006_GLEAM_v4.3a_MO.nc'
Transferring file `Ec_2007_GLEAM_v4.3a_MO.nc'
Transferring file `Ec_2008_GLEAM_v4.3a_MO.nc'
Transferring file `Ec_2009_GLEAM_v4.3a_MO.nc'
Transferring file `Ec_2010_GLEAM_v4.3a_MO.nc'
Transferring file `Ec_2011_GLEAM_v4.3a_MO.nc'
Transferring file `Ec_2012_GLEAM_v4.3a_MO.nc'
Transferring file `Ec_2013_GLEAM_v4.3a_MO.nc'
Transferring file `Ec_2014_GLEAM_v4.3a_MO.nc'
Transferring file `Ec_2015_GLEAM_v4.3a_MO.nc'
Transferring file `Ec_2016_GLEAM_v4.3a_MO.nc'
Transferring file `Ec_2017_GLEAM_v4.3a_MO.nc'
Transferring file `Ec_2018_GLEAM_v4.3a_MO.nc'
Transferring file `Ec_2019_GLEAM_v4.3a_MO.nc'
Transferring file `Ec_2020_GLEAM_v4.3a_MO.nc'
Transferring file `Ec_2021_GLEAM_v4.3a_MO.nc'
Transferring file `Ec_2022_GLEAM_v4.3a_MO.nc'
Transferring file `Ec_2023_GLEAM_v4.3a_MO.nc'
Transferring file `Ec_2024_GLEAM_v4.3a_MO.nc'
Transferring file `Ec_2025_GLEAM_v4.3a_MO.nc'
2026-10-01 17:25:09  v4.3a/monthly/Es
Transferring file `Es_1980_GLEAM_v4.3a_MO.nc'
Transferring file `Es_1981_GLEAM_v4.3a_MO.nc'
Transferring file `Es_1982_GLEAM_v4.3a_MO.nc'
Transferring file `Es_1983_GLEAM_v4.3a_MO.nc'
Transferring file `Es_1984_GLEAM_v4.3a_MO.nc'
Transferring file `Es_1985_GLEAM_v4.3a_MO.nc'
Transferring file `Es_1986_GLEAM_v4.3a_MO.nc'
Transferring file `Es_1987_GLEAM_v4.3a_MO.nc'
Transferring file `Es_1988_GLEAM_v4.3a_MO.nc'
Transferring file `Es_1989_GLEAM_v4.3a_MO.nc'
Transferring file `Es_1990_GLEAM_v4.3a_MO.nc'
Transferring file `Es_1991_GLEAM_v4.3a_MO.nc'
Transferring file `Es_1992_GLEAM_v4.3a_MO.nc'
Transferring file `Es_1993_GLEAM_v4.3a_MO.nc'
Transferring file `Es_1994_GLEAM_v4.3a_MO.nc'
Transferring file `Es_1995_GLEAM_v4.3a_MO.nc'
Transferring file `Es_1996_GLEAM_v4.3a_MO.nc'
Transferring file `Es_1997_GLEAM_v4.3a_MO.nc'
Transferring file `Es_1998_GLEAM_v4.3a_MO.nc'
Transferring file `Es_1999_GLEAM_v4.3a_MO.nc'
Transferring file `Es_2000_GLEAM_v4.3a_MO.nc'
Transferring file `Es_2001_GLEAM_v4.3a_MO.nc'
Transferring file `Es_2002_GLEAM_v4.3a_MO.nc'
Transferring file `Es_2003_GLEAM_v4.3a_MO.nc'
Transferring file `Es_2004_GLEAM_v4.3a_MO.nc'
Transferring file `Es_2005_GLEAM_v4.3a_MO.nc'
Transferring file `Es_2006_GLEAM_v4.3a_MO.nc'
Transferring file `Es_2007_GLEAM_v4.3a_MO.nc'
Transferring file `Es_2008_GLEAM_v4.3a_MO.nc'
Transferring file `Es_2009_GLEAM_v4.3a_MO.nc'
Transferring file `Es_2010_GLEAM_v4.3a_MO.nc'
Transferring file `Es_2011_GLEAM_v4.3a_MO.nc'
Transferring file `Es_2012_GLEAM_v4.3a_MO.nc'
Transferring file `Es_2013_GLEAM_v4.3a_MO.nc'
Transferring file `Es_2014_GLEAM_v4.3a_MO.nc'
Transferring file `Es_2015_GLEAM_v4.3a_MO.nc'
Transferring file `Es_2016_GLEAM_v4.3a_MO.nc'
Transferring file `Es_2017_GLEAM_v4.3a_MO.nc'
Transferring file `Es_2018_GLEAM_v4.3a_MO.nc'
Transferring file `Es_2019_GLEAM_v4.3a_MO.nc'
Transferring file `Es_2020_GLEAM_v4.3a_MO.nc'
Transferring file `Es_2021_GLEAM_v4.3a_MO.nc'
Transferring file `Es_2022_GLEAM_v4.3a_MO.nc'
Transferring file `Es_2023_GLEAM_v4.3a_MO.nc'
Transferring file `Es_2024_GLEAM_v4.3a_MO.nc'
Transferring file `Es_2025_GLEAM_v4.3a_MO.nc'
2026-10-01 17:27:46  v4.3a/monthly/Ei
Transferring file `Ei_1980_GLEAM_v4.3a_MO.nc'
Transferring file `Ei_1981_GLEAM_v4.3a_MO.nc'
Transferring file `Ei_1982_GLEAM_v4.3a_MO.nc'
Transferring file `Ei_1983_GLEAM_v4.3a_MO.nc'
Transferring file `Ei_1984_GLEAM_v4.3a_MO.nc'
Transferring file `Ei_1985_GLEAM_v4.3a_MO.nc'
Transferring file `Ei_1986_GLEAM_v4.3a_MO.nc'
Transferring file `Ei_1987_GLEAM_v4.3a_MO.nc'
Transferring file `Ei_1988_GLEAM_v4.3a_MO.nc'
Transferring file `Ei_1989_GLEAM_v4.3a_MO.nc'
Transferring file `Ei_1990_GLEAM_v4.3a_MO.nc'
Transferring file `Ei_1991_GLEAM_v4.3a_MO.nc'
Transferring file `Ei_1992_GLEAM_v4.3a_MO.nc'
Transferring file `Ei_1993_GLEAM_v4.3a_MO.nc'
Transferring file `Ei_1994_GLEAM_v4.3a_MO.nc'
Transferring file `Ei_1995_GLEAM_v4.3a_MO.nc'
Transferring file `Ei_1996_GLEAM_v4.3a_MO.nc'
Transferring file `Ei_1997_GLEAM_v4.3a_MO.nc'
Transferring file `Ei_1998_GLEAM_v4.3a_MO.nc'
Transferring file `Ei_1999_GLEAM_v4.3a_MO.nc'
Transferring file `Ei_2000_GLEAM_v4.3a_MO.nc'
Transferring file `Ei_2001_GLEAM_v4.3a_MO.nc'
Transferring file `Ei_2002_GLEAM_v4.3a_MO.nc'
Transferring file `Ei_2003_GLEAM_v4.3a_MO.nc'
Transferring file `Ei_2004_GLEAM_v4.3a_MO.nc'
Transferring file `Ei_2005_GLEAM_v4.3a_MO.nc'
Transferring file `Ei_2006_GLEAM_v4.3a_MO.nc'
Transferring file `Ei_2007_GLEAM_v4.3a_MO.nc'
Transferring file `Ei_2008_GLEAM_v4.3a_MO.nc'
Transferring file `Ei_2009_GLEAM_v4.3a_MO.nc'
Transferring file `Ei_2010_GLEAM_v4.3a_MO.nc'
Transferring file `Ei_2011_GLEAM_v4.3a_MO.nc'
Transferring file `Ei_2012_GLEAM_v4.3a_MO.nc'
Transferring file `Ei_2013_GLEAM_v4.3a_MO.nc'
Transferring file `Ei_2014_GLEAM_v4.3a_MO.nc'
Transferring file `Ei_2015_GLEAM_v4.3a_MO.nc'
Transferring file `Ei_2016_GLEAM_v4.3a_MO.nc'
Transferring file `Ei_2017_GLEAM_v4.3a_MO.nc'
Transferring file `Ei_2018_GLEAM_v4.3a_MO.nc'
Transferring file `Ei_2019_GLEAM_v4.3a_MO.nc'
Transferring file `Ei_2020_GLEAM_v4.3a_MO.nc'
Transferring file `Ei_2021_GLEAM_v4.3a_MO.nc'
Transferring file `Ei_2022_GLEAM_v4.3a_MO.nc'
Transferring file `Ei_2023_GLEAM_v4.3a_MO.nc'
Transferring file `Ei_2024_GLEAM_v4.3a_MO.nc'
Transferring file `Ei_2025_GLEAM_v4.3a_MO.nc'
2026-10-01 17:30:18  v4.3a/monthly/Eb
Transferring file `Eb_1980_GLEAM_v4.3a_MO.nc'
Transferring file `Eb_1981_GLEAM_v4.3a_MO.nc'
Transferring file `Eb_1982_GLEAM_v4.3a_MO.nc'
Transferring file `Eb_1983_GLEAM_v4.3a_MO.nc'
Transferring file `Eb_1984_GLEAM_v4.3a_MO.nc'
Transferring file `Eb_1985_GLEAM_v4.3a_MO.nc'
Transferring file `Eb_1986_GLEAM_v4.3a_MO.nc'
Transferring file `Eb_1987_GLEAM_v4.3a_MO.nc'
Transferring file `Eb_1988_GLEAM_v4.3a_MO.nc'
Transferring file `Eb_1989_GLEAM_v4.3a_MO.nc'
Transferring file `Eb_1990_GLEAM_v4.3a_MO.nc'
Transferring file `Eb_1991_GLEAM_v4.3a_MO.nc'
Transferring file `Eb_1992_GLEAM_v4.3a_MO.nc'
Transferring file `Eb_1993_GLEAM_v4.3a_MO.nc'
Transferring file `Eb_1994_GLEAM_v4.3a_MO.nc'
Transferring file `Eb_1995_GLEAM_v4.3a_MO.nc'
Transferring file `Eb_1996_GLEAM_v4.3a_MO.nc'
Transferring file `Eb_1997_GLEAM_v4.3a_MO.nc'
Transferring file `Eb_1998_GLEAM_v4.3a_MO.nc'
Transferring file `Eb_1999_GLEAM_v4.3a_MO.nc'
Transferring file `Eb_2000_GLEAM_v4.3a_MO.nc'
Transferring file `Eb_2001_GLEAM_v4.3a_MO.nc'
Transferring file `Eb_2002_GLEAM_v4.3a_MO.nc'
Transferring file `Eb_2003_GLEAM_v4.3a_MO.nc'
Transferring file `Eb_2004_GLEAM_v4.3a_MO.nc'
Transferring file `Eb_2005_GLEAM_v4.3a_MO.nc'
Transferring file `Eb_2006_GLEAM_v4.3a_MO.nc'
Transferring file `Eb_2007_GLEAM_v4.3a_MO.nc'
Transferring file `Eb_2008_GLEAM_v4.3a_MO.nc'
Transferring file `Eb_2009_GLEAM_v4.3a_MO.nc'
Transferring file `Eb_2010_GLEAM_v4.3a_MO.nc'
Transferring file `Eb_2011_GLEAM_v4.3a_MO.nc'
Transferring file `Eb_2012_GLEAM_v4.3a_MO.nc'
Transferring file `Eb_2013_GLEAM_v4.3a_MO.nc'
Transferring file `Eb_2014_GLEAM_v4.3a_MO.nc'
Transferring file `Eb_2015_GLEAM_v4.3a_MO.nc'
Transferring file `Eb_2016_GLEAM_v4.3a_MO.nc'
Transferring file `Eb_2017_GLEAM_v4.3a_MO.nc'
Transferring file `Eb_2018_GLEAM_v4.3a_MO.nc'
Transferring file `Eb_2019_GLEAM_v4.3a_MO.nc'
Transferring file `Eb_2020_GLEAM_v4.3a_MO.nc'
Transferring file `Eb_2021_GLEAM_v4.3a_MO.nc'
Transferring file `Eb_2022_GLEAM_v4.3a_MO.nc'
Transferring file `Eb_2023_GLEAM_v4.3a_MO.nc'
Transferring file `Eb_2024_GLEAM_v4.3a_MO.nc'
Transferring file `Eb_2025_GLEAM_v4.3a_MO.nc'
2026-10-01 17:32:52  v4.3a/monthly/Ew
Transferring file `Ew_1980_GLEAM_v4.3a_MO.nc'
Transferring file `Ew_1981_GLEAM_v4.3a_MO.nc'
Transferring file `Ew_1982_GLEAM_v4.3a_MO.nc'
Transferring file `Ew_1983_GLEAM_v4.3a_MO.nc'
Transferring file `Ew_1984_GLEAM_v4.3a_MO.nc'
Transferring file `Ew_1985_GLEAM_v4.3a_MO.nc'
Transferring file `Ew_1986_GLEAM_v4.3a_MO.nc'
Transferring file `Ew_1987_GLEAM_v4.3a_MO.nc'
Transferring file `Ew_1988_GLEAM_v4.3a_MO.nc'
Transferring file `Ew_1989_GLEAM_v4.3a_MO.nc'
Transferring file `Ew_1990_GLEAM_v4.3a_MO.nc'
Transferring file `Ew_1991_GLEAM_v4.3a_MO.nc'
Transferring file `Ew_1992_GLEAM_v4.3a_MO.nc'
Transferring file `Ew_1993_GLEAM_v4.3a_MO.nc'
Transferring file `Ew_1994_GLEAM_v4.3a_MO.nc'
Transferring file `Ew_1995_GLEAM_v4.3a_MO.nc'
Transferring file `Ew_1996_GLEAM_v4.3a_MO.nc'
Transferring file `Ew_1997_GLEAM_v4.3a_MO.nc'
Transferring file `Ew_1998_GLEAM_v4.3a_MO.nc'
Transferring file `Ew_1999_GLEAM_v4.3a_MO.nc'
Transferring file `Ew_2000_GLEAM_v4.3a_MO.nc'
Transferring file `Ew_2001_GLEAM_v4.3a_MO.nc'
Transferring file `Ew_2002_GLEAM_v4.3a_MO.nc'
Transferring file `Ew_2003_GLEAM_v4.3a_MO.nc'
Transferring file `Ew_2004_GLEAM_v4.3a_MO.nc'
Transferring file `Ew_2005_GLEAM_v4.3a_MO.nc'
Transferring file `Ew_2006_GLEAM_v4.3a_MO.nc'
Transferring file `Ew_2007_GLEAM_v4.3a_MO.nc'
Transferring file `Ew_2008_GLEAM_v4.3a_MO.nc'
Transferring file `Ew_2009_GLEAM_v4.3a_MO.nc'
Transferring file `Ew_2010_GLEAM_v4.3a_MO.nc'
Transferring file `Ew_2011_GLEAM_v4.3a_MO.nc'
Transferring file `Ew_2012_GLEAM_v4.3a_MO.nc'
Transferring file `Ew_2013_GLEAM_v4.3a_MO.nc'
Transferring file `Ew_2014_GLEAM_v4.3a_MO.nc'
Transferring file `Ew_2015_GLEAM_v4.3a_MO.nc'
Transferring file `Ew_2016_GLEAM_v4.3a_MO.nc'
Transferring file `Ew_2017_GLEAM_v4.3a_MO.nc'
Transferring file `Ew_2018_GLEAM_v4.3a_MO.nc'
Transferring file `Ew_2019_GLEAM_v4.3a_MO.nc'
Transferring file `Ew_2020_GLEAM_v4.3a_MO.nc'
Transferring file `Ew_2021_GLEAM_v4.3a_MO.nc'
Transferring file `Ew_2022_GLEAM_v4.3a_MO.nc'
Transferring file `Ew_2023_GLEAM_v4.3a_MO.nc'
Transferring file `Ew_2024_GLEAM_v4.3a_MO.nc'
Transferring file `Ew_2025_GLEAM_v4.3a_MO.nc'
2026-10-01 17:34:05  v4.3a/monthly/Ep
Transferring file `Ep_1980_GLEAM_v4.3a_MO.nc'
Transferring file `Ep_1981_GLEAM_v4.3a_MO.nc'
Transferring file `Ep_1982_GLEAM_v4.3a_MO.nc'
Transferring file `Ep_1983_GLEAM_v4.3a_MO.nc'
Transferring file `Ep_1984_GLEAM_v4.3a_MO.nc'
Transferring file `Ep_1985_GLEAM_v4.3a_MO.nc'
Transferring file `Ep_1986_GLEAM_v4.3a_MO.nc'
Transferring file `Ep_1987_GLEAM_v4.3a_MO.nc'
Transferring file `Ep_1988_GLEAM_v4.3a_MO.nc'
Transferring file `Ep_1989_GLEAM_v4.3a_MO.nc'
Transferring file `Ep_1990_GLEAM_v4.3a_MO.nc'
Transferring file `Ep_1991_GLEAM_v4.3a_MO.nc'
Transferring file `Ep_1992_GLEAM_v4.3a_MO.nc'
Transferring file `Ep_1993_GLEAM_v4.3a_MO.nc'
Transferring file `Ep_1994_GLEAM_v4.3a_MO.nc'
Transferring file `Ep_1995_GLEAM_v4.3a_MO.nc'
Transferring file `Ep_1996_GLEAM_v4.3a_MO.nc'
Transferring file `Ep_1997_GLEAM_v4.3a_MO.nc'
Transferring file `Ep_1998_GLEAM_v4.3a_MO.nc'
Transferring file `Ep_1999_GLEAM_v4.3a_MO.nc'
Transferring file `Ep_2000_GLEAM_v4.3a_MO.nc'
Transferring file `Ep_2001_GLEAM_v4.3a_MO.nc'
Transferring file `Ep_2002_GLEAM_v4.3a_MO.nc'
Transferring file `Ep_2003_GLEAM_v4.3a_MO.nc'
Transferring file `Ep_2004_GLEAM_v4.3a_MO.nc'
Transferring file `Ep_2005_GLEAM_v4.3a_MO.nc'
Transferring file `Ep_2006_GLEAM_v4.3a_MO.nc'
Transferring file `Ep_2007_GLEAM_v4.3a_MO.nc'
Transferring file `Ep_2008_GLEAM_v4.3a_MO.nc'
Transferring file `Ep_2009_GLEAM_v4.3a_MO.nc'
Transferring file `Ep_2010_GLEAM_v4.3a_MO.nc'
Transferring file `Ep_2011_GLEAM_v4.3a_MO.nc'
Transferring file `Ep_2012_GLEAM_v4.3a_MO.nc'
Transferring file `Ep_2013_GLEAM_v4.3a_MO.nc'
Transferring file `Ep_2014_GLEAM_v4.3a_MO.nc'
Transferring file `Ep_2015_GLEAM_v4.3a_MO.nc'
Transferring file `Ep_2016_GLEAM_v4.3a_MO.nc'
Transferring file `Ep_2017_GLEAM_v4.3a_MO.nc'
Transferring file `Ep_2018_GLEAM_v4.3a_MO.nc'
Transferring file `Ep_2019_GLEAM_v4.3a_MO.nc'
Transferring file `Ep_2020_GLEAM_v4.3a_MO.nc'
Transferring file `Ep_2021_GLEAM_v4.3a_MO.nc'
Transferring file `Ep_2022_GLEAM_v4.3a_MO.nc'
Transferring file `Ep_2023_GLEAM_v4.3a_MO.nc'
Transferring file `Ep_2024_GLEAM_v4.3a_MO.nc'
Transferring file `Ep_2025_GLEAM_v4.3a_MO.nc'
2026-10-01 17:38:41  v4.3a/yearly/E
Transferring file `E_1980_GLEAM_v4.3a_YR.nc'
Transferring file `E_1981_GLEAM_v4.3a_YR.nc'
Transferring file `E_1982_GLEAM_v4.3a_YR.nc'
Transferring file `E_1983_GLEAM_v4.3a_YR.nc'
Transferring file `E_1984_GLEAM_v4.3a_YR.nc'
Transferring file `E_1985_GLEAM_v4.3a_YR.nc'
Transferring file `E_1986_GLEAM_v4.3a_YR.nc'
Transferring file `E_1987_GLEAM_v4.3a_YR.nc'
Transferring file `E_1988_GLEAM_v4.3a_YR.nc'
Transferring file `E_1989_GLEAM_v4.3a_YR.nc'
Transferring file `E_1990_GLEAM_v4.3a_YR.nc'
Transferring file `E_1991_GLEAM_v4.3a_YR.nc'
Transferring file `E_1992_GLEAM_v4.3a_YR.nc'
Transferring file `E_1993_GLEAM_v4.3a_YR.nc'
Transferring file `E_1994_GLEAM_v4.3a_YR.nc'
Transferring file `E_1995_GLEAM_v4.3a_YR.nc'
Transferring file `E_1996_GLEAM_v4.3a_YR.nc'
Transferring file `E_1997_GLEAM_v4.3a_YR.nc'
Transferring file `E_1998_GLEAM_v4.3a_YR.nc'
Transferring file `E_1999_GLEAM_v4.3a_YR.nc'
Transferring file `E_2000_GLEAM_v4.3a_YR.nc'
Transferring file `E_2001_GLEAM_v4.3a_YR.nc'
Transferring file `E_2002_GLEAM_v4.3a_YR.nc'
Transferring file `E_2003_GLEAM_v4.3a_YR.nc'
Transferring file `E_2004_GLEAM_v4.3a_YR.nc'
Transferring file `E_2005_GLEAM_v4.3a_YR.nc'
Transferring file `E_2006_GLEAM_v4.3a_YR.nc'
Transferring file `E_2007_GLEAM_v4.3a_YR.nc'
Transferring file `E_2008_GLEAM_v4.3a_YR.nc'
Transferring file `E_2009_GLEAM_v4.3a_YR.nc'
Transferring file `E_2010_GLEAM_v4.3a_YR.nc'
Transferring file `E_2011_GLEAM_v4.3a_YR.nc'
Transferring file `E_2012_GLEAM_v4.3a_YR.nc'
Transferring file `E_2013_GLEAM_v4.3a_YR.nc'
Transferring file `E_2014_GLEAM_v4.3a_YR.nc'
Transferring file `E_2015_GLEAM_v4.3a_YR.nc'
Transferring file `E_2016_GLEAM_v4.3a_YR.nc'
Transferring file `E_2017_GLEAM_v4.3a_YR.nc'
Transferring file `E_2018_GLEAM_v4.3a_YR.nc'
Transferring file `E_2019_GLEAM_v4.3a_YR.nc'
Transferring file `E_2020_GLEAM_v4.3a_YR.nc'
Transferring file `E_2021_GLEAM_v4.3a_YR.nc'
Transferring file `E_2022_GLEAM_v4.3a_YR.nc'
Transferring file `E_2023_GLEAM_v4.3a_YR.nc'
Transferring file `E_2024_GLEAM_v4.3a_YR.nc'
Transferring file `E_2025_GLEAM_v4.3a_YR.nc'
2026-10-01 17:39:12  v4.3a/yearly/Et
Transferring file `Et_1980_GLEAM_v4.3a_YR.nc'
Transferring file `Et_1981_GLEAM_v4.3a_YR.nc'
Transferring file `Et_1982_GLEAM_v4.3a_YR.nc'
Transferring file `Et_1983_GLEAM_v4.3a_YR.nc'
Transferring file `Et_1984_GLEAM_v4.3a_YR.nc'
Transferring file `Et_1985_GLEAM_v4.3a_YR.nc'
Transferring file `Et_1986_GLEAM_v4.3a_YR.nc'
Transferring file `Et_1987_GLEAM_v4.3a_YR.nc'
Transferring file `Et_1988_GLEAM_v4.3a_YR.nc'
Transferring file `Et_1989_GLEAM_v4.3a_YR.nc'
Transferring file `Et_1990_GLEAM_v4.3a_YR.nc'
Transferring file `Et_1991_GLEAM_v4.3a_YR.nc'
Transferring file `Et_1992_GLEAM_v4.3a_YR.nc'
Transferring file `Et_1993_GLEAM_v4.3a_YR.nc'
Transferring file `Et_1994_GLEAM_v4.3a_YR.nc'
Transferring file `Et_1995_GLEAM_v4.3a_YR.nc'
Transferring file `Et_1996_GLEAM_v4.3a_YR.nc'
Transferring file `Et_1997_GLEAM_v4.3a_YR.nc'
Transferring file `Et_1998_GLEAM_v4.3a_YR.nc'
Transferring file `Et_1999_GLEAM_v4.3a_YR.nc'
Transferring file `Et_2000_GLEAM_v4.3a_YR.nc'
Transferring file `Et_2001_GLEAM_v4.3a_YR.nc'
Transferring file `Et_2002_GLEAM_v4.3a_YR.nc'
Transferring file `Et_2003_GLEAM_v4.3a_YR.nc'
Transferring file `Et_2004_GLEAM_v4.3a_YR.nc'
Transferring file `Et_2005_GLEAM_v4.3a_YR.nc'
Transferring file `Et_2006_GLEAM_v4.3a_YR.nc'
Transferring file `Et_2007_GLEAM_v4.3a_YR.nc'
Transferring file `Et_2008_GLEAM_v4.3a_YR.nc'
Transferring file `Et_2009_GLEAM_v4.3a_YR.nc'
Transferring file `Et_2010_GLEAM_v4.3a_YR.nc'
Transferring file `Et_2011_GLEAM_v4.3a_YR.nc'
Transferring file `Et_2012_GLEAM_v4.3a_YR.nc'
Transferring file `Et_2013_GLEAM_v4.3a_YR.nc'
Transferring file `Et_2014_GLEAM_v4.3a_YR.nc'
Transferring file `Et_2015_GLEAM_v4.3a_YR.nc'
Transferring file `Et_2016_GLEAM_v4.3a_YR.nc'
Transferring file `Et_2017_GLEAM_v4.3a_YR.nc'
Transferring file `Et_2018_GLEAM_v4.3a_YR.nc'
Transferring file `Et_2019_GLEAM_v4.3a_YR.nc'
Transferring file `Et_2020_GLEAM_v4.3a_YR.nc'
Transferring file `Et_2021_GLEAM_v4.3a_YR.nc'
Transferring file `Et_2022_GLEAM_v4.3a_YR.nc'
Transferring file `Et_2023_GLEAM_v4.3a_YR.nc'
Transferring file `Et_2024_GLEAM_v4.3a_YR.nc'
Transferring file `Et_2025_GLEAM_v4.3a_YR.nc'
2026-10-01 17:39:35  v4.3a/yearly/Ec
Transferring file `Ec_1980_GLEAM_v4.3a_YR.nc'
Transferring file `Ec_1981_GLEAM_v4.3a_YR.nc'
Transferring file `Ec_1982_GLEAM_v4.3a_YR.nc'
Transferring file `Ec_1983_GLEAM_v4.3a_YR.nc'
Transferring file `Ec_1984_GLEAM_v4.3a_YR.nc'
Transferring file `Ec_1985_GLEAM_v4.3a_YR.nc'
Transferring file `Ec_1986_GLEAM_v4.3a_YR.nc'
Transferring file `Ec_1987_GLEAM_v4.3a_YR.nc'
Transferring file `Ec_1988_GLEAM_v4.3a_YR.nc'
Transferring file `Ec_1989_GLEAM_v4.3a_YR.nc'
Transferring file `Ec_1990_GLEAM_v4.3a_YR.nc'
Transferring file `Ec_1991_GLEAM_v4.3a_YR.nc'
Transferring file `Ec_1992_GLEAM_v4.3a_YR.nc'
Transferring file `Ec_1993_GLEAM_v4.3a_YR.nc'
Transferring file `Ec_1994_GLEAM_v4.3a_YR.nc'
Transferring file `Ec_1995_GLEAM_v4.3a_YR.nc'
Transferring file `Ec_1996_GLEAM_v4.3a_YR.nc'
Transferring file `Ec_1997_GLEAM_v4.3a_YR.nc'
Transferring file `Ec_1998_GLEAM_v4.3a_YR.nc'
Transferring file `Ec_1999_GLEAM_v4.3a_YR.nc'
Transferring file `Ec_2000_GLEAM_v4.3a_YR.nc'
Transferring file `Ec_2001_GLEAM_v4.3a_YR.nc'
Transferring file `Ec_2002_GLEAM_v4.3a_YR.nc'
Transferring file `Ec_2003_GLEAM_v4.3a_YR.nc'
Transferring file `Ec_2004_GLEAM_v4.3a_YR.nc'
Transferring file `Ec_2005_GLEAM_v4.3a_YR.nc'
Transferring file `Ec_2006_GLEAM_v4.3a_YR.nc'
Transferring file `Ec_2007_GLEAM_v4.3a_YR.nc'
Transferring file `Ec_2008_GLEAM_v4.3a_YR.nc'
Transferring file `Ec_2009_GLEAM_v4.3a_YR.nc'
Transferring file `Ec_2010_GLEAM_v4.3a_YR.nc'
Transferring file `Ec_2011_GLEAM_v4.3a_YR.nc'
Transferring file `Ec_2012_GLEAM_v4.3a_YR.nc'
Transferring file `Ec_2013_GLEAM_v4.3a_YR.nc'
Transferring file `Ec_2014_GLEAM_v4.3a_YR.nc'
Transferring file `Ec_2015_GLEAM_v4.3a_YR.nc'
Transferring file `Ec_2016_GLEAM_v4.3a_YR.nc'
Transferring file `Ec_2017_GLEAM_v4.3a_YR.nc'
Transferring file `Ec_2018_GLEAM_v4.3a_YR.nc'
Transferring file `Ec_2019_GLEAM_v4.3a_YR.nc'
Transferring file `Ec_2020_GLEAM_v4.3a_YR.nc'
Transferring file `Ec_2021_GLEAM_v4.3a_YR.nc'
Transferring file `Ec_2022_GLEAM_v4.3a_YR.nc'
Transferring file `Ec_2023_GLEAM_v4.3a_YR.nc'
Transferring file `Ec_2024_GLEAM_v4.3a_YR.nc'
Transferring file `Ec_2025_GLEAM_v4.3a_YR.nc'
2026-10-01 17:39:53  v4.3a/yearly/Es
Transferring file `Es_1980_GLEAM_v4.3a_YR.nc'
Transferring file `Es_1981_GLEAM_v4.3a_YR.nc'
Transferring file `Es_1982_GLEAM_v4.3a_YR.nc'
Transferring file `Es_1983_GLEAM_v4.3a_YR.nc'
Transferring file `Es_1984_GLEAM_v4.3a_YR.nc'
Transferring file `Es_1985_GLEAM_v4.3a_YR.nc'
Transferring file `Es_1986_GLEAM_v4.3a_YR.nc'
Transferring file `Es_1987_GLEAM_v4.3a_YR.nc'
Transferring file `Es_1988_GLEAM_v4.3a_YR.nc'
Transferring file `Es_1989_GLEAM_v4.3a_YR.nc'
Transferring file `Es_1990_GLEAM_v4.3a_YR.nc'
Transferring file `Es_1991_GLEAM_v4.3a_YR.nc'
Transferring file `Es_1992_GLEAM_v4.3a_YR.nc'
Transferring file `Es_1993_GLEAM_v4.3a_YR.nc'
Transferring file `Es_1994_GLEAM_v4.3a_YR.nc'
Transferring file `Es_1995_GLEAM_v4.3a_YR.nc'
Transferring file `Es_1996_GLEAM_v4.3a_YR.nc'
Transferring file `Es_1997_GLEAM_v4.3a_YR.nc'
Transferring file `Es_1998_GLEAM_v4.3a_YR.nc'
Transferring file `Es_1999_GLEAM_v4.3a_YR.nc'
Transferring file `Es_2000_GLEAM_v4.3a_YR.nc'
Transferring file `Es_2001_GLEAM_v4.3a_YR.nc'
Transferring file `Es_2002_GLEAM_v4.3a_YR.nc'
Transferring file `Es_2003_GLEAM_v4.3a_YR.nc'
Transferring file `Es_2004_GLEAM_v4.3a_YR.nc'
Transferring file `Es_2005_GLEAM_v4.3a_YR.nc'
Transferring file `Es_2006_GLEAM_v4.3a_YR.nc'
Transferring file `Es_2007_GLEAM_v4.3a_YR.nc'
Transferring file `Es_2008_GLEAM_v4.3a_YR.nc'
Transferring file `Es_2009_GLEAM_v4.3a_YR.nc'
Transferring file `Es_2010_GLEAM_v4.3a_YR.nc'
Transferring file `Es_2011_GLEAM_v4.3a_YR.nc'
Transferring file `Es_2012_GLEAM_v4.3a_YR.nc'
Transferring file `Es_2013_GLEAM_v4.3a_YR.nc'
Transferring file `Es_2014_GLEAM_v4.3a_YR.nc'
Transferring file `Es_2015_GLEAM_v4.3a_YR.nc'
Transferring file `Es_2016_GLEAM_v4.3a_YR.nc'
Transferring file `Es_2017_GLEAM_v4.3a_YR.nc'
Transferring file `Es_2018_GLEAM_v4.3a_YR.nc'
Transferring file `Es_2019_GLEAM_v4.3a_YR.nc'
Transferring file `Es_2020_GLEAM_v4.3a_YR.nc'
Transferring file `Es_2021_GLEAM_v4.3a_YR.nc'
Transferring file `Es_2022_GLEAM_v4.3a_YR.nc'
Transferring file `Es_2023_GLEAM_v4.3a_YR.nc'
Transferring file `Es_2024_GLEAM_v4.3a_YR.nc'
Transferring file `Es_2025_GLEAM_v4.3a_YR.nc'
2026-10-01 17:40:18  v4.3a/yearly/Ei
Transferring file `Ei_1980_GLEAM_v4.3a_YR.nc'
Transferring file `Ei_1981_GLEAM_v4.3a_YR.nc'
Transferring file `Ei_1982_GLEAM_v4.3a_YR.nc'
Transferring file `Ei_1983_GLEAM_v4.3a_YR.nc'
Transferring file `Ei_1984_GLEAM_v4.3a_YR.nc'
Transferring file `Ei_1985_GLEAM_v4.3a_YR.nc'
Transferring file `Ei_1986_GLEAM_v4.3a_YR.nc'
Transferring file `Ei_1987_GLEAM_v4.3a_YR.nc'
Transferring file `Ei_1988_GLEAM_v4.3a_YR.nc'
Transferring file `Ei_1989_GLEAM_v4.3a_YR.nc'
Transferring file `Ei_1990_GLEAM_v4.3a_YR.nc'
Transferring file `Ei_1991_GLEAM_v4.3a_YR.nc'
Transferring file `Ei_1992_GLEAM_v4.3a_YR.nc'
Transferring file `Ei_1993_GLEAM_v4.3a_YR.nc'
Transferring file `Ei_1994_GLEAM_v4.3a_YR.nc'
Transferring file `Ei_1995_GLEAM_v4.3a_YR.nc'
Transferring file `Ei_1996_GLEAM_v4.3a_YR.nc'
Transferring file `Ei_1997_GLEAM_v4.3a_YR.nc'
Transferring file `Ei_1998_GLEAM_v4.3a_YR.nc'
Transferring file `Ei_1999_GLEAM_v4.3a_YR.nc'
Transferring file `Ei_2000_GLEAM_v4.3a_YR.nc'
Transferring file `Ei_2001_GLEAM_v4.3a_YR.nc'
Transferring file `Ei_2002_GLEAM_v4.3a_YR.nc'
Transferring file `Ei_2003_GLEAM_v4.3a_YR.nc'
Transferring file `Ei_2004_GLEAM_v4.3a_YR.nc'
Transferring file `Ei_2005_GLEAM_v4.3a_YR.nc'
Transferring file `Ei_2006_GLEAM_v4.3a_YR.nc'
Transferring file `Ei_2007_GLEAM_v4.3a_YR.nc'
Transferring file `Ei_2008_GLEAM_v4.3a_YR.nc'
Transferring file `Ei_2009_GLEAM_v4.3a_YR.nc'
Transferring file `Ei_2010_GLEAM_v4.3a_YR.nc'
Transferring file `Ei_2011_GLEAM_v4.3a_YR.nc'
Transferring file `Ei_2012_GLEAM_v4.3a_YR.nc'
Transferring file `Ei_2013_GLEAM_v4.3a_YR.nc'
Transferring file `Ei_2014_GLEAM_v4.3a_YR.nc'
Transferring file `Ei_2015_GLEAM_v4.3a_YR.nc'
Transferring file `Ei_2016_GLEAM_v4.3a_YR.nc'
Transferring file `Ei_2017_GLEAM_v4.3a_YR.nc'
Transferring file `Ei_2018_GLEAM_v4.3a_YR.nc'
Transferring file `Ei_2019_GLEAM_v4.3a_YR.nc'
Transferring file `Ei_2020_GLEAM_v4.3a_YR.nc'
Transferring file `Ei_2021_GLEAM_v4.3a_YR.nc'
Transferring file `Ei_2022_GLEAM_v4.3a_YR.nc'
Transferring file `Ei_2023_GLEAM_v4.3a_YR.nc'
Transferring file `Ei_2024_GLEAM_v4.3a_YR.nc'
Transferring file `Ei_2025_GLEAM_v4.3a_YR.nc'
2026-10-01 17:40:41  v4.3a/yearly/Eb
Transferring file `Eb_1980_GLEAM_v4.3a_YR.nc'
Transferring file `Eb_1981_GLEAM_v4.3a_YR.nc'
Transferring file `Eb_1982_GLEAM_v4.3a_YR.nc'
Transferring file `Eb_1983_GLEAM_v4.3a_YR.nc'
Transferring file `Eb_1984_GLEAM_v4.3a_YR.nc'
Transferring file `Eb_1985_GLEAM_v4.3a_YR.nc'
Transferring file `Eb_1986_GLEAM_v4.3a_YR.nc'
Transferring file `Eb_1987_GLEAM_v4.3a_YR.nc'
Transferring file `Eb_1988_GLEAM_v4.3a_YR.nc'
Transferring file `Eb_1989_GLEAM_v4.3a_YR.nc'
Transferring file `Eb_1990_GLEAM_v4.3a_YR.nc'
Transferring file `Eb_1991_GLEAM_v4.3a_YR.nc'
Transferring file `Eb_1992_GLEAM_v4.3a_YR.nc'
Transferring file `Eb_1993_GLEAM_v4.3a_YR.nc'
Transferring file `Eb_1994_GLEAM_v4.3a_YR.nc'
Transferring file `Eb_1995_GLEAM_v4.3a_YR.nc'
Transferring file `Eb_1996_GLEAM_v4.3a_YR.nc'
Transferring file `Eb_1997_GLEAM_v4.3a_YR.nc'
Transferring file `Eb_1998_GLEAM_v4.3a_YR.nc'
Transferring file `Eb_1999_GLEAM_v4.3a_YR.nc'
Transferring file `Eb_2000_GLEAM_v4.3a_YR.nc'
Transferring file `Eb_2001_GLEAM_v4.3a_YR.nc'
Transferring file `Eb_2002_GLEAM_v4.3a_YR.nc'
Transferring file `Eb_2003_GLEAM_v4.3a_YR.nc'
Transferring file `Eb_2004_GLEAM_v4.3a_YR.nc'
Transferring file `Eb_2005_GLEAM_v4.3a_YR.nc'
Transferring file `Eb_2006_GLEAM_v4.3a_YR.nc'
Transferring file `Eb_2007_GLEAM_v4.3a_YR.nc'
Transferring file `Eb_2008_GLEAM_v4.3a_YR.nc'
Transferring file `Eb_2009_GLEAM_v4.3a_YR.nc'
Transferring file `Eb_2010_GLEAM_v4.3a_YR.nc'
Transferring file `Eb_2011_GLEAM_v4.3a_YR.nc'
Transferring file `Eb_2012_GLEAM_v4.3a_YR.nc'
Transferring file `Eb_2013_GLEAM_v4.3a_YR.nc'
Transferring file `Eb_2014_GLEAM_v4.3a_YR.nc'
Transferring file `Eb_2015_GLEAM_v4.3a_YR.nc'
Transferring file `Eb_2016_GLEAM_v4.3a_YR.nc'
Transferring file `Eb_2017_GLEAM_v4.3a_YR.nc'
Transferring file `Eb_2018_GLEAM_v4.3a_YR.nc'
Transferring file `Eb_2019_GLEAM_v4.3a_YR.nc'
Transferring file `Eb_2020_GLEAM_v4.3a_YR.nc'
Transferring file `Eb_2021_GLEAM_v4.3a_YR.nc'
Transferring file `Eb_2022_GLEAM_v4.3a_YR.nc'
Transferring file `Eb_2023_GLEAM_v4.3a_YR.nc'
Transferring file `Eb_2024_GLEAM_v4.3a_YR.nc'
Transferring file `Eb_2025_GLEAM_v4.3a_YR.nc'
2026-10-01 17:41:04  v4.3a/yearly/Ew
Transferring file `Ew_1980_GLEAM_v4.3a_YR.nc'
Transferring file `Ew_1981_GLEAM_v4.3a_YR.nc'
Transferring file `Ew_1982_GLEAM_v4.3a_YR.nc'
Transferring file `Ew_1983_GLEAM_v4.3a_YR.nc'
Transferring file `Ew_1984_GLEAM_v4.3a_YR.nc'
Transferring file `Ew_1985_GLEAM_v4.3a_YR.nc'
Transferring file `Ew_1986_GLEAM_v4.3a_YR.nc'
Transferring file `Ew_1987_GLEAM_v4.3a_YR.nc'
Transferring file `Ew_1988_GLEAM_v4.3a_YR.nc'
Transferring file `Ew_1989_GLEAM_v4.3a_YR.nc'
Transferring file `Ew_1990_GLEAM_v4.3a_YR.nc'
Transferring file `Ew_1991_GLEAM_v4.3a_YR.nc'
Transferring file `Ew_1992_GLEAM_v4.3a_YR.nc'
Transferring file `Ew_1993_GLEAM_v4.3a_YR.nc'
Transferring file `Ew_1994_GLEAM_v4.3a_YR.nc'
Transferring file `Ew_1995_GLEAM_v4.3a_YR.nc'
Transferring file `Ew_1996_GLEAM_v4.3a_YR.nc'
Transferring file `Ew_1997_GLEAM_v4.3a_YR.nc'
Transferring file `Ew_1998_GLEAM_v4.3a_YR.nc'
Transferring file `Ew_1999_GLEAM_v4.3a_YR.nc'
Transferring file `Ew_2000_GLEAM_v4.3a_YR.nc'
Transferring file `Ew_2001_GLEAM_v4.3a_YR.nc'
Transferring file `Ew_2002_GLEAM_v4.3a_YR.nc'
Transferring file `Ew_2003_GLEAM_v4.3a_YR.nc'
Transferring file `Ew_2004_GLEAM_v4.3a_YR.nc'
Transferring file `Ew_2005_GLEAM_v4.3a_YR.nc'
Transferring file `Ew_2006_GLEAM_v4.3a_YR.nc'
Transferring file `Ew_2007_GLEAM_v4.3a_YR.nc'
Transferring file `Ew_2008_GLEAM_v4.3a_YR.nc'
Transferring file `Ew_2009_GLEAM_v4.3a_YR.nc'
Transferring file `Ew_2010_GLEAM_v4.3a_YR.nc'
Transferring file `Ew_2011_GLEAM_v4.3a_YR.nc'
Transferring file `Ew_2012_GLEAM_v4.3a_YR.nc'
Transferring file `Ew_2013_GLEAM_v4.3a_YR.nc'
Transferring file `Ew_2014_GLEAM_v4.3a_YR.nc'
Transferring file `Ew_2015_GLEAM_v4.3a_YR.nc'
Transferring file `Ew_2016_GLEAM_v4.3a_YR.nc'
Transferring file `Ew_2017_GLEAM_v4.3a_YR.nc'
Transferring file `Ew_2018_GLEAM_v4.3a_YR.nc'
Transferring file `Ew_2019_GLEAM_v4.3a_YR.nc'
Transferring file `Ew_2020_GLEAM_v4.3a_YR.nc'
Transferring file `Ew_2021_GLEAM_v4.3a_YR.nc'
Transferring file `Ew_2022_GLEAM_v4.3a_YR.nc'
Transferring file `Ew_2023_GLEAM_v4.3a_YR.nc'
Transferring file `Ew_2024_GLEAM_v4.3a_YR.nc'
Transferring file `Ew_2025_GLEAM_v4.3a_YR.nc'
2026-10-01 17:41:17  v4.3a/yearly/Ep
Transferring file `Ep_1980_GLEAM_v4.3a_YR.nc'
Transferring file `Ep_1981_GLEAM_v4.3a_YR.nc'
Transferring file `Ep_1982_GLEAM_v4.3a_YR.nc'
Transferring file `Ep_1983_GLEAM_v4.3a_YR.nc'
Transferring file `Ep_1984_GLEAM_v4.3a_YR.nc'
Transferring file `Ep_1985_GLEAM_v4.3a_YR.nc'
Transferring file `Ep_1986_GLEAM_v4.3a_YR.nc'
Transferring file `Ep_1987_GLEAM_v4.3a_YR.nc'
Transferring file `Ep_1988_GLEAM_v4.3a_YR.nc'
Transferring file `Ep_1989_GLEAM_v4.3a_YR.nc'
Transferring file `Ep_1990_GLEAM_v4.3a_YR.nc'
Transferring file `Ep_1991_GLEAM_v4.3a_YR.nc'
Transferring file `Ep_1992_GLEAM_v4.3a_YR.nc'
Transferring file `Ep_1993_GLEAM_v4.3a_YR.nc'
Transferring file `Ep_1994_GLEAM_v4.3a_YR.nc'
Transferring file `Ep_1995_GLEAM_v4.3a_YR.nc'
Transferring file `Ep_1996_GLEAM_v4.3a_YR.nc'
Transferring file `Ep_1997_GLEAM_v4.3a_YR.nc'
Transferring file `Ep_1998_GLEAM_v4.3a_YR.nc'
Transferring file `Ep_1999_GLEAM_v4.3a_YR.nc'
Transferring file `Ep_2000_GLEAM_v4.3a_YR.nc'
Transferring file `Ep_2001_GLEAM_v4.3a_YR.nc'
Transferring file `Ep_2002_GLEAM_v4.3a_YR.nc'
Transferring file `Ep_2003_GLEAM_v4.3a_YR.nc'
Transferring file `Ep_2004_GLEAM_v4.3a_YR.nc'
Transferring file `Ep_2005_GLEAM_v4.3a_YR.nc'
Transferring file `Ep_2006_GLEAM_v4.3a_YR.nc'
Transferring file `Ep_2007_GLEAM_v4.3a_YR.nc'
Transferring file `Ep_2008_GLEAM_v4.3a_YR.nc'
Transferring file `Ep_2009_GLEAM_v4.3a_YR.nc'
Transferring file `Ep_2010_GLEAM_v4.3a_YR.nc'
Transferring file `Ep_2011_GLEAM_v4.3a_YR.nc'
Transferring file `Ep_2012_GLEAM_v4.3a_YR.nc'
Transferring file `Ep_2013_GLEAM_v4.3a_YR.nc'
Transferring file `Ep_2014_GLEAM_v4.3a_YR.nc'
Transferring file `Ep_2015_GLEAM_v4.3a_YR.nc'
Transferring file `Ep_2016_GLEAM_v4.3a_YR.nc'
Transferring file `Ep_2017_GLEAM_v4.3a_YR.nc'
Transferring file `Ep_2018_GLEAM_v4.3a_YR.nc'
Transferring file `Ep_2019_GLEAM_v4.3a_YR.nc'
Transferring file `Ep_2020_GLEAM_v4.3a_YR.nc'
Transferring file `Ep_2021_GLEAM_v4.3a_YR.nc'
Transferring file `Ep_2022_GLEAM_v4.3a_YR.nc'
Transferring file `Ep_2023_GLEAM_v4.3a_YR.nc'
Transferring file `Ep_2024_GLEAM_v4.3a_YR.nc'
Transferring file `Ep_2025_GLEAM_v4.3a_YR.nc'
2026-10-01 17:41:49  v4.3b/monthly/E
Transferring file `E_2003_GLEAM_v4.3b_MO.nc'
Transferring file `E_2004_GLEAM_v4.3b_MO.nc'
Transferring file `E_2005_GLEAM_v4.3b_MO.nc'
Transferring file `E_2006_GLEAM_v4.3b_MO.nc'
Transferring file `E_2007_GLEAM_v4.3b_MO.nc'
Transferring file `E_2008_GLEAM_v4.3b_MO.nc'
Transferring file `E_2009_GLEAM_v4.3b_MO.nc'
Transferring file `E_2010_GLEAM_v4.3b_MO.nc'
Transferring file `E_2011_GLEAM_v4.3b_MO.nc'
Transferring file `E_2012_GLEAM_v4.3b_MO.nc'
Transferring file `E_2013_GLEAM_v4.3b_MO.nc'
Transferring file `E_2014_GLEAM_v4.3b_MO.nc'
Transferring file `E_2015_GLEAM_v4.3b_MO.nc'
Transferring file `E_2016_GLEAM_v4.3b_MO.nc'
Transferring file `E_2017_GLEAM_v4.3b_MO.nc'
Transferring file `E_2018_GLEAM_v4.3b_MO.nc'
Transferring file `E_2019_GLEAM_v4.3b_MO.nc'
Transferring file `E_2020_GLEAM_v4.3b_MO.nc'
Transferring file `E_2021_GLEAM_v4.3b_MO.nc'
Transferring file `E_2022_GLEAM_v4.3b_MO.nc'
Transferring file `E_2023_GLEAM_v4.3b_MO.nc'
Transferring file `E_2024_GLEAM_v4.3b_MO.nc'
Transferring file `E_2025_GLEAM_v4.3b_MO.nc'
2026-10-01 17:43:43  v4.3b/monthly/Et
Transferring file `Et_2003_GLEAM_v4.3b_MO.nc'
Transferring file `Et_2004_GLEAM_v4.3b_MO.nc'
Transferring file `Et_2005_GLEAM_v4.3b_MO.nc'
Transferring file `Et_2006_GLEAM_v4.3b_MO.nc'
Transferring file `Et_2007_GLEAM_v4.3b_MO.nc'
Transferring file `Et_2008_GLEAM_v4.3b_MO.nc'
Transferring file `Et_2009_GLEAM_v4.3b_MO.nc'
Transferring file `Et_2010_GLEAM_v4.3b_MO.nc'
Transferring file `Et_2011_GLEAM_v4.3b_MO.nc'
Transferring file `Et_2012_GLEAM_v4.3b_MO.nc'
Transferring file `Et_2013_GLEAM_v4.3b_MO.nc'
Transferring file `Et_2014_GLEAM_v4.3b_MO.nc'
Transferring file `Et_2015_GLEAM_v4.3b_MO.nc'
Transferring file `Et_2016_GLEAM_v4.3b_MO.nc'
Transferring file `Et_2017_GLEAM_v4.3b_MO.nc'
Transferring file `Et_2018_GLEAM_v4.3b_MO.nc'
Transferring file `Et_2019_GLEAM_v4.3b_MO.nc'
Transferring file `Et_2020_GLEAM_v4.3b_MO.nc'
Transferring file `Et_2021_GLEAM_v4.3b_MO.nc'
Transferring file `Et_2022_GLEAM_v4.3b_MO.nc'
Transferring file `Et_2023_GLEAM_v4.3b_MO.nc'
Transferring file `Et_2024_GLEAM_v4.3b_MO.nc'
Transferring file `Et_2025_GLEAM_v4.3b_MO.nc'
2026-10-01 17:44:52  v4.3b/monthly/Ec
Transferring file `Ec_2003_GLEAM_v4.3b_MO.nc'
Transferring file `Ec_2004_GLEAM_v4.3b_MO.nc'
Transferring file `Ec_2005_GLEAM_v4.3b_MO.nc'
Transferring file `Ec_2006_GLEAM_v4.3b_MO.nc'
Transferring file `Ec_2007_GLEAM_v4.3b_MO.nc'
Transferring file `Ec_2008_GLEAM_v4.3b_MO.nc'
Transferring file `Ec_2009_GLEAM_v4.3b_MO.nc'
Transferring file `Ec_2010_GLEAM_v4.3b_MO.nc'
Transferring file `Ec_2011_GLEAM_v4.3b_MO.nc'
Transferring file `Ec_2012_GLEAM_v4.3b_MO.nc'
Transferring file `Ec_2013_GLEAM_v4.3b_MO.nc'
Transferring file `Ec_2014_GLEAM_v4.3b_MO.nc'
Transferring file `Ec_2015_GLEAM_v4.3b_MO.nc'
Transferring file `Ec_2016_GLEAM_v4.3b_MO.nc'
Transferring file `Ec_2017_GLEAM_v4.3b_MO.nc'
Transferring file `Ec_2018_GLEAM_v4.3b_MO.nc'
Transferring file `Ec_2019_GLEAM_v4.3b_MO.nc'
Transferring file `Ec_2020_GLEAM_v4.3b_MO.nc'
Transferring file `Ec_2021_GLEAM_v4.3b_MO.nc'
Transferring file `Ec_2022_GLEAM_v4.3b_MO.nc'
Transferring file `Ec_2023_GLEAM_v4.3b_MO.nc'
Transferring file `Ec_2024_GLEAM_v4.3b_MO.nc'
Transferring file `Ec_2025_GLEAM_v4.3b_MO.nc'
2026-10-01 17:45:23  v4.3b/monthly/Es
Transferring file `Es_2003_GLEAM_v4.3b_MO.nc'
Transferring file `Es_2004_GLEAM_v4.3b_MO.nc'
Transferring file `Es_2005_GLEAM_v4.3b_MO.nc'
Transferring file `Es_2006_GLEAM_v4.3b_MO.nc'
Transferring file `Es_2007_GLEAM_v4.3b_MO.nc'
Transferring file `Es_2008_GLEAM_v4.3b_MO.nc'
Transferring file `Es_2009_GLEAM_v4.3b_MO.nc'
Transferring file `Es_2010_GLEAM_v4.3b_MO.nc'
Transferring file `Es_2011_GLEAM_v4.3b_MO.nc'
Transferring file `Es_2012_GLEAM_v4.3b_MO.nc'
Transferring file `Es_2013_GLEAM_v4.3b_MO.nc'
Transferring file `Es_2014_GLEAM_v4.3b_MO.nc'
Transferring file `Es_2015_GLEAM_v4.3b_MO.nc'
Transferring file `Es_2016_GLEAM_v4.3b_MO.nc'
Transferring file `Es_2017_GLEAM_v4.3b_MO.nc'
Transferring file `Es_2018_GLEAM_v4.3b_MO.nc'
Transferring file `Es_2019_GLEAM_v4.3b_MO.nc'
Transferring file `Es_2020_GLEAM_v4.3b_MO.nc'
Transferring file `Es_2021_GLEAM_v4.3b_MO.nc'
Transferring file `Es_2022_GLEAM_v4.3b_MO.nc'
Transferring file `Es_2023_GLEAM_v4.3b_MO.nc'
Transferring file `Es_2024_GLEAM_v4.3b_MO.nc'
Transferring file `Es_2025_GLEAM_v4.3b_MO.nc'
2026-10-01 17:46:25  v4.3b/monthly/Ei
Transferring file `Ei_2003_GLEAM_v4.3b_MO.nc'
Transferring file `Ei_2004_GLEAM_v4.3b_MO.nc'
Transferring file `Ei_2005_GLEAM_v4.3b_MO.nc'
Transferring file `Ei_2006_GLEAM_v4.3b_MO.nc'
Transferring file `Ei_2007_GLEAM_v4.3b_MO.nc'
Transferring file `Ei_2008_GLEAM_v4.3b_MO.nc'
Transferring file `Ei_2009_GLEAM_v4.3b_MO.nc'
Transferring file `Ei_2010_GLEAM_v4.3b_MO.nc'
Transferring file `Ei_2011_GLEAM_v4.3b_MO.nc'
Transferring file `Ei_2012_GLEAM_v4.3b_MO.nc'
Transferring file `Ei_2013_GLEAM_v4.3b_MO.nc'
Transferring file `Ei_2014_GLEAM_v4.3b_MO.nc'
Transferring file `Ei_2015_GLEAM_v4.3b_MO.nc'
Transferring file `Ei_2016_GLEAM_v4.3b_MO.nc'
Transferring file `Ei_2017_GLEAM_v4.3b_MO.nc'
Transferring file `Ei_2018_GLEAM_v4.3b_MO.nc'
Transferring file `Ei_2019_GLEAM_v4.3b_MO.nc'
Transferring file `Ei_2020_GLEAM_v4.3b_MO.nc'
Transferring file `Ei_2021_GLEAM_v4.3b_MO.nc'
Transferring file `Ei_2022_GLEAM_v4.3b_MO.nc'
Transferring file `Ei_2023_GLEAM_v4.3b_MO.nc'
Transferring file `Ei_2024_GLEAM_v4.3b_MO.nc'
Transferring file `Ei_2025_GLEAM_v4.3b_MO.nc'
2026-10-01 17:47:36  v4.3b/monthly/Eb
Transferring file `Eb_2003_GLEAM_v4.3b_MO.nc'
Transferring file `Eb_2004_GLEAM_v4.3b_MO.nc'
Transferring file `Eb_2005_GLEAM_v4.3b_MO.nc'
Transferring file `Eb_2006_GLEAM_v4.3b_MO.nc'
Transferring file `Eb_2007_GLEAM_v4.3b_MO.nc'
Transferring file `Eb_2008_GLEAM_v4.3b_MO.nc'
Transferring file `Eb_2009_GLEAM_v4.3b_MO.nc'
Transferring file `Eb_2010_GLEAM_v4.3b_MO.nc'
Transferring file `Eb_2011_GLEAM_v4.3b_MO.nc'
Transferring file `Eb_2012_GLEAM_v4.3b_MO.nc'
Transferring file `Eb_2013_GLEAM_v4.3b_MO.nc'
Transferring file `Eb_2014_GLEAM_v4.3b_MO.nc'
Transferring file `Eb_2015_GLEAM_v4.3b_MO.nc'
Transferring file `Eb_2016_GLEAM_v4.3b_MO.nc'
Transferring file `Eb_2017_GLEAM_v4.3b_MO.nc'
Transferring file `Eb_2018_GLEAM_v4.3b_MO.nc'
Transferring file `Eb_2019_GLEAM_v4.3b_MO.nc'
Transferring file `Eb_2020_GLEAM_v4.3b_MO.nc'
Transferring file `Eb_2021_GLEAM_v4.3b_MO.nc'
Transferring file `Eb_2022_GLEAM_v4.3b_MO.nc'
Transferring file `Eb_2023_GLEAM_v4.3b_MO.nc'
Transferring file `Eb_2024_GLEAM_v4.3b_MO.nc'
Transferring file `Eb_2025_GLEAM_v4.3b_MO.nc'
2026-10-01 17:48:45  v4.3b/monthly/Ew
Transferring file `Ew_2003_GLEAM_v4.3b_MO.nc'
Transferring file `Ew_2004_GLEAM_v4.3b_MO.nc'
Transferring file `Ew_2005_GLEAM_v4.3b_MO.nc'
Transferring file `Ew_2006_GLEAM_v4.3b_MO.nc'
Transferring file `Ew_2007_GLEAM_v4.3b_MO.nc'
Transferring file `Ew_2008_GLEAM_v4.3b_MO.nc'
Transferring file `Ew_2009_GLEAM_v4.3b_MO.nc'
Transferring file `Ew_2010_GLEAM_v4.3b_MO.nc'
Transferring file `Ew_2011_GLEAM_v4.3b_MO.nc'
Transferring file `Ew_2012_GLEAM_v4.3b_MO.nc'
Transferring file `Ew_2013_GLEAM_v4.3b_MO.nc'
Transferring file `Ew_2014_GLEAM_v4.3b_MO.nc'
Transferring file `Ew_2015_GLEAM_v4.3b_MO.nc'
Transferring file `Ew_2016_GLEAM_v4.3b_MO.nc'
Transferring file `Ew_2017_GLEAM_v4.3b_MO.nc'
Transferring file `Ew_2018_GLEAM_v4.3b_MO.nc'
Transferring file `Ew_2019_GLEAM_v4.3b_MO.nc'
Transferring file `Ew_2020_GLEAM_v4.3b_MO.nc'
Transferring file `Ew_2021_GLEAM_v4.3b_MO.nc'
Transferring file `Ew_2022_GLEAM_v4.3b_MO.nc'
Transferring file `Ew_2023_GLEAM_v4.3b_MO.nc'
Transferring file `Ew_2024_GLEAM_v4.3b_MO.nc'
Transferring file `Ew_2025_GLEAM_v4.3b_MO.nc'
2026-10-01 17:49:59  v4.3b/monthly/Ep
Transferring file `Ep_2003_GLEAM_v4.3b_MO.nc'
Transferring file `Ep_2004_GLEAM_v4.3b_MO.nc'
Transferring file `Ep_2005_GLEAM_v4.3b_MO.nc'
Transferring file `Ep_2006_GLEAM_v4.3b_MO.nc'
Transferring file `Ep_2007_GLEAM_v4.3b_MO.nc'
Transferring file `Ep_2008_GLEAM_v4.3b_MO.nc'
Transferring file `Ep_2009_GLEAM_v4.3b_MO.nc'
Transferring file `Ep_2010_GLEAM_v4.3b_MO.nc'
Transferring file `Ep_2011_GLEAM_v4.3b_MO.nc'
Transferring file `Ep_2012_GLEAM_v4.3b_MO.nc'
Transferring file `Ep_2013_GLEAM_v4.3b_MO.nc'
Transferring file `Ep_2014_GLEAM_v4.3b_MO.nc'
Transferring file `Ep_2015_GLEAM_v4.3b_MO.nc'
Transferring file `Ep_2016_GLEAM_v4.3b_MO.nc'
Transferring file `Ep_2017_GLEAM_v4.3b_MO.nc'
Transferring file `Ep_2018_GLEAM_v4.3b_MO.nc'
Transferring file `Ep_2019_GLEAM_v4.3b_MO.nc'
Transferring file `Ep_2020_GLEAM_v4.3b_MO.nc'
Transferring file `Ep_2021_GLEAM_v4.3b_MO.nc'
Transferring file `Ep_2022_GLEAM_v4.3b_MO.nc'
Transferring file `Ep_2023_GLEAM_v4.3b_MO.nc'
Transferring file `Ep_2024_GLEAM_v4.3b_MO.nc'
Transferring file `Ep_2025_GLEAM_v4.3b_MO.nc'
2026-10-01 17:51:55  v4.3b/yearly/E
2026-10-01 17:51:58  v4.3b/yearly/Et
Transferring file `Et_2003_GLEAM_v4.3b_YR.nc'
Transferring file `Et_2004_GLEAM_v4.3b_YR.nc'
Transferring file `Et_2005_GLEAM_v4.3b_YR.nc'
Transferring file `Et_2006_GLEAM_v4.3b_YR.nc'
Transferring file `Et_2007_GLEAM_v4.3b_YR.nc'
Transferring file `Et_2008_GLEAM_v4.3b_YR.nc'
Transferring file `Et_2009_GLEAM_v4.3b_YR.nc'
Transferring file `Et_2010_GLEAM_v4.3b_YR.nc'
Transferring file `Et_2011_GLEAM_v4.3b_YR.nc'
Transferring file `Et_2012_GLEAM_v4.3b_YR.nc'
Transferring file `Et_2013_GLEAM_v4.3b_YR.nc'
Transferring file `Et_2014_GLEAM_v4.3b_YR.nc'
Transferring file `Et_2015_GLEAM_v4.3b_YR.nc'
Transferring file `Et_2016_GLEAM_v4.3b_YR.nc'
Transferring file `Et_2017_GLEAM_v4.3b_YR.nc'
Transferring file `Et_2018_GLEAM_v4.3b_YR.nc'
Transferring file `Et_2019_GLEAM_v4.3b_YR.nc'
Transferring file `Et_2020_GLEAM_v4.3b_YR.nc'
Transferring file `Et_2021_GLEAM_v4.3b_YR.nc'
Transferring file `Et_2022_GLEAM_v4.3b_YR.nc'
Transferring file `Et_2023_GLEAM_v4.3b_YR.nc'
Transferring file `Et_2024_GLEAM_v4.3b_YR.nc'
Transferring file `Et_2025_GLEAM_v4.3b_YR.nc'
2026-10-01 17:52:11  v4.3b/yearly/Ec
Transferring file `Ec_2003_GLEAM_v4.3b_YR.nc'
Transferring file `Ec_2004_GLEAM_v4.3b_YR.nc'
Transferring file `Ec_2005_GLEAM_v4.3b_YR.nc'
Transferring file `Ec_2006_GLEAM_v4.3b_YR.nc'
Transferring file `Ec_2007_GLEAM_v4.3b_YR.nc'
Transferring file `Ec_2008_GLEAM_v4.3b_YR.nc'
Transferring file `Ec_2009_GLEAM_v4.3b_YR.nc'
Transferring file `Ec_2010_GLEAM_v4.3b_YR.nc'
Transferring file `Ec_2011_GLEAM_v4.3b_YR.nc'
Transferring file `Ec_2012_GLEAM_v4.3b_YR.nc'
Transferring file `Ec_2013_GLEAM_v4.3b_YR.nc'
Transferring file `Ec_2014_GLEAM_v4.3b_YR.nc'
Transferring file `Ec_2015_GLEAM_v4.3b_YR.nc'
Transferring file `Ec_2016_GLEAM_v4.3b_YR.nc'
Transferring file `Ec_2017_GLEAM_v4.3b_YR.nc'
Transferring file `Ec_2018_GLEAM_v4.3b_YR.nc'
Transferring file `Ec_2019_GLEAM_v4.3b_YR.nc'
Transferring file `Ec_2020_GLEAM_v4.3b_YR.nc'
Transferring file `Ec_2021_GLEAM_v4.3b_YR.nc'
Transferring file `Ec_2022_GLEAM_v4.3b_YR.nc'
Transferring file `Ec_2023_GLEAM_v4.3b_YR.nc'
Transferring file `Ec_2024_GLEAM_v4.3b_YR.nc'
Transferring file `Ec_2025_GLEAM_v4.3b_YR.nc'
2026-10-01 17:52:23  v4.3b/yearly/Es
Transferring file `Es_2003_GLEAM_v4.3b_YR.nc'
Transferring file `Es_2004_GLEAM_v4.3b_YR.nc'
Transferring file `Es_2005_GLEAM_v4.3b_YR.nc'
Transferring file `Es_2006_GLEAM_v4.3b_YR.nc'
Transferring file `Es_2007_GLEAM_v4.3b_YR.nc'
Transferring file `Es_2008_GLEAM_v4.3b_YR.nc'
Transferring file `Es_2009_GLEAM_v4.3b_YR.nc'
Transferring file `Es_2010_GLEAM_v4.3b_YR.nc'
Transferring file `Es_2011_GLEAM_v4.3b_YR.nc'
Transferring file `Es_2012_GLEAM_v4.3b_YR.nc'
Transferring file `Es_2013_GLEAM_v4.3b_YR.nc'
Transferring file `Es_2014_GLEAM_v4.3b_YR.nc'
Transferring file `Es_2015_GLEAM_v4.3b_YR.nc'
Transferring file `Es_2016_GLEAM_v4.3b_YR.nc'
Transferring file `Es_2017_GLEAM_v4.3b_YR.nc'
Transferring file `Es_2018_GLEAM_v4.3b_YR.nc'
Transferring file `Es_2019_GLEAM_v4.3b_YR.nc'
Transferring file `Es_2020_GLEAM_v4.3b_YR.nc'
Transferring file `Es_2021_GLEAM_v4.3b_YR.nc'
Transferring file `Es_2022_GLEAM_v4.3b_YR.nc'
Transferring file `Es_2023_GLEAM_v4.3b_YR.nc'
Transferring file `Es_2024_GLEAM_v4.3b_YR.nc'
Transferring file `Es_2025_GLEAM_v4.3b_YR.nc'
2026-10-01 17:52:36  v4.3b/yearly/Ei
Transferring file `Ei_2003_GLEAM_v4.3b_YR.nc'
Transferring file `Ei_2004_GLEAM_v4.3b_YR.nc'
Transferring file `Ei_2005_GLEAM_v4.3b_YR.nc'
Transferring file `Ei_2006_GLEAM_v4.3b_YR.nc'
Transferring file `Ei_2007_GLEAM_v4.3b_YR.nc'
Transferring file `Ei_2008_GLEAM_v4.3b_YR.nc'
Transferring file `Ei_2009_GLEAM_v4.3b_YR.nc'
Transferring file `Ei_2010_GLEAM_v4.3b_YR.nc'
Transferring file `Ei_2011_GLEAM_v4.3b_YR.nc'
Transferring file `Ei_2012_GLEAM_v4.3b_YR.nc'
Transferring file `Ei_2013_GLEAM_v4.3b_YR.nc'
Transferring file `Ei_2014_GLEAM_v4.3b_YR.nc'
Transferring file `Ei_2015_GLEAM_v4.3b_YR.nc'
Transferring file `Ei_2016_GLEAM_v4.3b_YR.nc'
Transferring file `Ei_2017_GLEAM_v4.3b_YR.nc'
Transferring file `Ei_2018_GLEAM_v4.3b_YR.nc'
Transferring file `Ei_2019_GLEAM_v4.3b_YR.nc'
Transferring file `Ei_2020_GLEAM_v4.3b_YR.nc'
Transferring file `Ei_2021_GLEAM_v4.3b_YR.nc'
Transferring file `Ei_2022_GLEAM_v4.3b_YR.nc'
Transferring file `Ei_2023_GLEAM_v4.3b_YR.nc'
Transferring file `Ei_2024_GLEAM_v4.3b_YR.nc'
Transferring file `Ei_2025_GLEAM_v4.3b_YR.nc'
2026-10-01 17:52:49  v4.3b/yearly/Eb
Transferring file `Eb_2003_GLEAM_v4.3b_YR.nc'
Transferring file `Eb_2004_GLEAM_v4.3b_YR.nc'
Transferring file `Eb_2005_GLEAM_v4.3b_YR.nc'
Transferring file `Eb_2006_GLEAM_v4.3b_YR.nc'
Transferring file `Eb_2007_GLEAM_v4.3b_YR.nc'
Transferring file `Eb_2008_GLEAM_v4.3b_YR.nc'
Transferring file `Eb_2009_GLEAM_v4.3b_YR.nc'
Transferring file `Eb_2010_GLEAM_v4.3b_YR.nc'
Transferring file `Eb_2011_GLEAM_v4.3b_YR.nc'
Transferring file `Eb_2012_GLEAM_v4.3b_YR.nc'
Transferring file `Eb_2013_GLEAM_v4.3b_YR.nc'
Transferring file `Eb_2014_GLEAM_v4.3b_YR.nc'
Transferring file `Eb_2015_GLEAM_v4.3b_YR.nc'
Transferring file `Eb_2016_GLEAM_v4.3b_YR.nc'
Transferring file `Eb_2017_GLEAM_v4.3b_YR.nc'
Transferring file `Eb_2018_GLEAM_v4.3b_YR.nc'
Transferring file `Eb_2019_GLEAM_v4.3b_YR.nc'
Transferring file `Eb_2020_GLEAM_v4.3b_YR.nc'
Transferring file `Eb_2021_GLEAM_v4.3b_YR.nc'
Transferring file `Eb_2022_GLEAM_v4.3b_YR.nc'
Transferring file `Eb_2023_GLEAM_v4.3b_YR.nc'
Transferring file `Eb_2024_GLEAM_v4.3b_YR.nc'
Transferring file `Eb_2025_GLEAM_v4.3b_YR.nc'
2026-10-01 17:53:02  v4.3b/yearly/Ew
Transferring file `Ew_2003_GLEAM_v4.3b_YR.nc'
Transferring file `Ew_2004_GLEAM_v4.3b_YR.nc'
Transferring file `Ew_2005_GLEAM_v4.3b_YR.nc'
Transferring file `Ew_2006_GLEAM_v4.3b_YR.nc'
Transferring file `Ew_2007_GLEAM_v4.3b_YR.nc'
Transferring file `Ew_2008_GLEAM_v4.3b_YR.nc'
Transferring file `Ew_2009_GLEAM_v4.3b_YR.nc'
Transferring file `Ew_2010_GLEAM_v4.3b_YR.nc'
Transferring file `Ew_2011_GLEAM_v4.3b_YR.nc'
Transferring file `Ew_2012_GLEAM_v4.3b_YR.nc'
Transferring file `Ew_2013_GLEAM_v4.3b_YR.nc'
Transferring file `Ew_2014_GLEAM_v4.3b_YR.nc'
Transferring file `Ew_2015_GLEAM_v4.3b_YR.nc'
Transferring file `Ew_2016_GLEAM_v4.3b_YR.nc'
Transferring file `Ew_2017_GLEAM_v4.3b_YR.nc'
Transferring file `Ew_2018_GLEAM_v4.3b_YR.nc'
Transferring file `Ew_2019_GLEAM_v4.3b_YR.nc'
Transferring file `Ew_2020_GLEAM_v4.3b_YR.nc'
Transferring file `Ew_2021_GLEAM_v4.3b_YR.nc'
Transferring file `Ew_2022_GLEAM_v4.3b_YR.nc'
Transferring file `Ew_2023_GLEAM_v4.3b_YR.nc'
Transferring file `Ew_2024_GLEAM_v4.3b_YR.nc'
Transferring file `Ew_2025_GLEAM_v4.3b_YR.nc'
2026-10-01 17:53:14  v4.3b/yearly/Ep
Transferring file `Ep_2003_GLEAM_v4.3b_YR.nc'
Transferring file `Ep_2004_GLEAM_v4.3b_YR.nc'
Transferring file `Ep_2005_GLEAM_v4.3b_YR.nc'
Transferring file `Ep_2006_GLEAM_v4.3b_YR.nc'
Transferring file `Ep_2007_GLEAM_v4.3b_YR.nc'
Transferring file `Ep_2008_GLEAM_v4.3b_YR.nc'
Transferring file `Ep_2009_GLEAM_v4.3b_YR.nc'
Transferring file `Ep_2010_GLEAM_v4.3b_YR.nc'
Transferring file `Ep_2011_GLEAM_v4.3b_YR.nc'
Transferring file `Ep_2012_GLEAM_v4.3b_YR.nc'
Transferring file `Ep_2013_GLEAM_v4.3b_YR.nc'
Transferring file `Ep_2014_GLEAM_v4.3b_YR.nc'
Transferring file `Ep_2015_GLEAM_v4.3b_YR.nc'
Transferring file `Ep_2016_GLEAM_v4.3b_YR.nc'
Transferring file `Ep_2017_GLEAM_v4.3b_YR.nc'
Transferring file `Ep_2018_GLEAM_v4.3b_YR.nc'
Transferring file `Ep_2019_GLEAM_v4.3b_YR.nc'
Transferring file `Ep_2020_GLEAM_v4.3b_YR.nc'
Transferring file `Ep_2021_GLEAM_v4.3b_YR.nc'
Transferring file `Ep_2022_GLEAM_v4.3b_YR.nc'
Transferring file `Ep_2023_GLEAM_v4.3b_YR.nc'
Transferring file `Ep_2024_GLEAM_v4.3b_YR.nc'
Transferring file `Ep_2025_GLEAM_v4.3b_YR.nc'
2026-10-01 17:53:30  done: 1104 .nc files, 30G in /glade/derecho/scratch/bbuchovecky/gleam-v4.3
