=== Load ILAMB products ===
et  CLASS       : ('year', 'lat', 'lon') (7, 296, 720) 200301-200912 [-5.29, 138] W/m2
et  DOLCE       : ('year', 'lat', 'lon') (10, 296, 720) 200001-200912 [1.03, 116] W/m2
et  FLUXCOM     : ('year', 'lat', 'lon') (37, 296, 720) 198001-201612 [-4.92, 173] W/m2
et  GLEAMv3.3a  : ('year', 'lat', 'lon') (39, 296, 720) 198001-201812 [-2.61, 165] W/m2
et  MOD16A2     : ('year', 'lat', 'lon') (15, 296, 720) 200001-201412 [0.21, 134] W/m2
et  MODIS       : ('year', 'lat', 'lon') (14, 296, 720) 200001-201312 [0.208, 134] W/m2
et/WECANN: regridding 180x360 -> 0.5 deg
/glade/work/bbuchovecky/miniforge3/envs/data-sci-py312/lib/python3.12/site-packages/xesmf/smm.py:131: UserWarning: Input array is not C_CONTIGUOUS. Will affect performance.
  warnings.warn('Input array is not C_CONTIGUOUS. ' 'Will affect performance.')
et  WECANN      : ('year', 'lat', 'lon') (9, 296, 720) 200701-201512 [-0.651, 102] W/m2
/glade/work/bbuchovecky/miniforge3/envs/data-sci-py312/lib/python3.12/site-packages/xarray/conventions.py:204: SerializationWarning: variable 'lai' has multiple fill values {np.float32(1e+36), np.float32(-999.0)} defined, decoding all values to NaN.
  var = coder.decode(var, name=name)
lai MODIS       : ('year', 'lat', 'lon') (6, 296, 720) 200001-200512 [0, 5.88] m2/m2
pr  GPCPv2.3    : ('year', 'lat', 'lon') (40, 296, 720) 197901-201812 [0.01, 548] W/m2
rns/CERESed4.2: regridding 180x360 -> 0.5 deg
/glade/work/bbuchovecky/miniforge3/envs/data-sci-py312/lib/python3.12/site-packages/xesmf/smm.py:131: UserWarning: Input array is not C_CONTIGUOUS. Will affect performance.
  warnings.warn('Input array is not C_CONTIGUOUS. ' 'Will affect performance.')
rns CERESed4.2  : ('year', 'lat', 'lon') (22, 296, 720) 200101-202212 [-21.5, 220] W/m2

=== Maps of climatological means ===
/glade/work/bbuchovecky/et_unc/fig/obs/et/obs.CLASS.et.map.200301-200912.png
/glade/work/bbuchovecky/et_unc/fig/obs/et/obs.DOLCE.et.map.200001-200912.png
/glade/work/bbuchovecky/et_unc/fig/obs/et/obs.FLUXCOM.et.map.198001-201612.png
/glade/work/bbuchovecky/et_unc/fig/obs/et/obs.GLEAMv3.3a.et.map.198001-201812.png
/glade/work/bbuchovecky/et_unc/fig/obs/et/obs.MOD16A2.et.map.200001-201412.png
/glade/work/bbuchovecky/et_unc/fig/obs/et/obs.MODIS.et.map.200001-201312.png
/glade/work/bbuchovecky/et_unc/fig/obs/et/obs.WECANN.et.map.200701-201512.png
/glade/work/bbuchovecky/et_unc/fig/obs/lai/obs.MODIS.lai.map.200001-200512.png
/glade/work/bbuchovecky/et_unc/fig/obs/pr/obs.GPCPv2.3.pr.map.197901-201812.png
/glade/work/bbuchovecky/et_unc/fig/obs/rns/obs.CERESed4.2.rns.map.200101-202212.png
/glade/work/bbuchovecky/et_unc/fig/obs/ai/obs.GPCPv2.3-CERESed4.2.ai.map.200101-201812.png

=== Combinations ===
WECANN-MODIS-GPCPv2.3-CERESed4.2                  : 0 shared years < 3, skipping
6 of 7 combinations have >= 3 shared years (200101-200512)

=== Pooled bin edges ===

lai
CLASS-MODIS-GPCPv2.3-CERESed4.2: ('lat', 'lon') (296, 720) -> 5.139e+04 finite [0.000e+00, 5.882e+00] zeros=8.981%
DOLCE-MODIS-GPCPv2.3-CERESed4.2: ('lat', 'lon') (296, 720) -> 5.438e+04 finite [0.000e+00, 5.882e+00] zeros=9.265%
FLUXCOM-MODIS-GPCPv2.3-CERESed4.2: ('lat', 'lon') (296, 720) -> 5.237e+04 finite [0.000e+00, 5.882e+00] zeros=1.111%
GLEAMv3.3a-MODIS-GPCPv2.3-CERESed4.2: ('lat', 'lon') (296, 720) -> 5.753e+04 finite [0.000e+00, 5.882e+00] zeros=9.002%
MOD16A2-MODIS-GPCPv2.3-CERESed4.2: ('lat', 'lon') (296, 720) -> 4.976e+04 finite [0.000e+00, 5.882e+00] zeros=0.358%
MODIS-MODIS-GPCPv2.3-CERESed4.2: ('lat', 'lon') (296, 720) -> 4.976e+04 finite [0.000e+00, 5.882e+00] zeros=0.358%
pooled: 3.152e+05 values -> 15 bins
edges: [0.         0.04659006 0.19319184 0.30090029 0.41507586 0.53228473
 0.672295   0.85585328 1.08207863 1.36019145 1.69187802 2.06010033
 2.42845922 2.81021147 3.81289962 5.88196598]
/glade/work/bbuchovecky/et_unc/proc/qbin_edges/obs.lai_clim.15_quantiles_pooled.all6.200101-200512.nc
/glade/work/bbuchovecky/et_unc/fig/obs/qbin_edges/obs.lai_clim.15_quantiles_pooled.all6.200101-200512.png

ai
CLASS-MODIS-GPCPv2.3-CERESed4.2: ('lat', 'lon') (296, 720) -> 5.139e+04 finite [-2.725e-01, 5.639e+02] zeros=0.000%
DOLCE-MODIS-GPCPv2.3-CERESed4.2: ('lat', 'lon') (296, 720) -> 5.438e+04 finite [-3.054e-01, 6.047e+02] zeros=0.000%
FLUXCOM-MODIS-GPCPv2.3-CERESed4.2: ('lat', 'lon') (296, 720) -> 5.237e+04 finite [-2.944e-01, 3.313e+02] zeros=0.000%
GLEAMv3.3a-MODIS-GPCPv2.3-CERESed4.2: ('lat', 'lon') (296, 720) -> 5.753e+04 finite [-3.054e-01, 6.047e+02] zeros=0.000%
MOD16A2-MODIS-GPCPv2.3-CERESed4.2: ('lat', 'lon') (296, 720) -> 4.976e+04 finite [8.376e-03, 4.587e+01] zeros=0.000%
MODIS-MODIS-GPCPv2.3-CERESed4.2: ('lat', 'lon') (296, 720) -> 4.976e+04 finite [8.376e-03, 4.587e+01] zeros=0.000%
pooled: 3.152e+05 values -> 15 bins
edges: [-3.05364766e-01  5.33370855e-01  6.99655656e-01  7.99944030e-01
  8.90530785e-01  9.81295862e-01  1.07992663e+00  1.19929762e+00
  1.35595766e+00  1.53602486e+00  1.74730911e+00  2.07733899e+00
  2.59339824e+00  3.53419798e+00  5.63622551e+00  6.04715160e+02]
/glade/work/bbuchovecky/et_unc/proc/qbin_edges/obs.ai_clim.15_quantiles_pooled.all6.200101-200512.nc
/glade/work/bbuchovecky/et_unc/fig/obs/qbin_edges/obs.ai_clim.15_quantiles_pooled.all6.200101-200512.png

=== Binned ET ===
CLASS-MODIS-GPCPv2.3-CERESed4.2                   : 200301-200512 (3 yr), 1.503e+05 samples binned
DOLCE-MODIS-GPCPv2.3-CERESed4.2                   : 200101-200512 (5 yr), 2.719e+05 samples binned
FLUXCOM-MODIS-GPCPv2.3-CERESed4.2                 : 200101-200512 (5 yr), 2.619e+05 samples binned
GLEAMv3.3a-MODIS-GPCPv2.3-CERESed4.2              : 200101-200512 (5 yr), 2.876e+05 samples binned
MOD16A2-MODIS-GPCPv2.3-CERESed4.2                 : 200101-200512 (5 yr), 2.487e+05 samples binned
MODIS-MODIS-GPCPv2.3-CERESed4.2                   : 200101-200512 (5 yr), 2.487e+05 samples binned
/glade/work/bbuchovecky/et_unc/proc/obs/qbin/obs.all6.et.qbin_clim_pooled_obs.200101-200512.nc
/glade/work/bbuchovecky/et_unc/fig/obs/qbin/obs.all6.et.qbin_clim_pooled_obs.200101-200512.summary.png
/glade/work/bbuchovecky/et_unc/fig/obs/qbin/obs.all6.et.qbin_clim_pooled_obs.200101-200512.bin_mean.png
/glade/work/bbuchovecky/et_unc/proc/obs/qbin/obs.all6.et.qbin_clim_combo.200101-200512.nc
/glade/work/bbuchovecky/et_unc/fig/obs/qbin/obs.all6.et.qbin_clim_combo.200101-200512.summary.png
/glade/work/bbuchovecky/et_unc/fig/obs/qbin/obs.all6.et.qbin_clim_combo.200101-200512.bin_mean.png
/glade/work/bbuchovecky/et_unc/proc/qbin_edges/obs.lai_clim.15_quantiles_combo.all6.200101-200512.nc
/glade/work/bbuchovecky/et_unc/fig/obs/qbin_edges/obs.lai_clim.15_quantiles_combo.all6.200101-200512.png
/glade/work/bbuchovecky/et_unc/proc/qbin_edges/obs.ai_clim.15_quantiles_combo.all6.200101-200512.nc
/glade/work/bbuchovecky/et_unc/fig/obs/qbin_edges/obs.ai_clim.15_quantiles_combo.all6.200101-200512.png
=== Load ILAMB products ===
et  CLASS       : ('year', 'lat', 'lon') (7, 296, 720) 200301-200912 [-5.29, 138] W/m2
et  DOLCE       : ('year', 'lat', 'lon') (10, 296, 720) 200001-200912 [1.03, 116] W/m2
et  FLUXCOM     : ('year', 'lat', 'lon') (37, 296, 720) 198001-201612 [-4.92, 173] W/m2
et  GLEAMv3.3a  : ('year', 'lat', 'lon') (39, 296, 720) 198001-201812 [-2.61, 165] W/m2
et  MOD16A2     : ('year', 'lat', 'lon') (15, 296, 720) 200001-201412 [0.21, 134] W/m2
et  MODIS       : ('year', 'lat', 'lon') (14, 296, 720) 200001-201312 [0.208, 134] W/m2
et/WECANN: regridding 180x360 -> 0.5 deg
/glade/work/bbuchovecky/miniforge3/envs/data-sci-py312/lib/python3.12/site-packages/xesmf/smm.py:131: UserWarning: Input array is not C_CONTIGUOUS. Will affect performance.
  warnings.warn('Input array is not C_CONTIGUOUS. ' 'Will affect performance.')
et  WECANN      : ('year', 'lat', 'lon') (9, 296, 720) 200701-201512 [-0.651, 102] W/m2
/glade/work/bbuchovecky/miniforge3/envs/data-sci-py312/lib/python3.12/site-packages/xarray/conventions.py:204: SerializationWarning: variable 'lai' has multiple fill values {np.float32(1e+36), np.float32(-999.0)} defined, decoding all values to NaN.
  var = coder.decode(var, name=name)
lai MODIS       : ('year', 'lat', 'lon') (6, 296, 720) 200001-200512 [0, 5.88] m2/m2
pr  GPCPv2.3    : ('year', 'lat', 'lon') (40, 296, 720) 197901-201812 [0.01, 548] W/m2
rns/CERESed4.2: regridding 180x360 -> 0.5 deg
/glade/work/bbuchovecky/miniforge3/envs/data-sci-py312/lib/python3.12/site-packages/xesmf/smm.py:131: UserWarning: Input array is not C_CONTIGUOUS. Will affect performance.
  warnings.warn('Input array is not C_CONTIGUOUS. ' 'Will affect performance.')
rns CERESed4.2  : ('year', 'lat', 'lon') (22, 296, 720) 200101-202212 [-21.5, 220] W/m2

=== Maps of climatological means ===
/glade/work/bbuchovecky/et_unc/fig/obs/et/obs.CLASS.et.map.200301-200912.png
/glade/work/bbuchovecky/et_unc/fig/obs/et/obs.DOLCE.et.map.200001-200912.png
/glade/work/bbuchovecky/et_unc/fig/obs/et/obs.FLUXCOM.et.map.198001-201612.png
/glade/work/bbuchovecky/et_unc/fig/obs/et/obs.GLEAMv3.3a.et.map.198001-201812.png
/glade/work/bbuchovecky/et_unc/fig/obs/et/obs.MOD16A2.et.map.200001-201412.png
/glade/work/bbuchovecky/et_unc/fig/obs/et/obs.MODIS.et.map.200001-201312.png
/glade/work/bbuchovecky/et_unc/fig/obs/et/obs.WECANN.et.map.200701-201512.png
/glade/work/bbuchovecky/et_unc/fig/obs/lai/obs.MODIS.lai.map.200001-200512.png
/glade/work/bbuchovecky/et_unc/fig/obs/pr/obs.GPCPv2.3.pr.map.197901-201812.png
/glade/work/bbuchovecky/et_unc/fig/obs/rns/obs.CERESed4.2.rns.map.200101-202212.png
/glade/work/bbuchovecky/et_unc/fig/obs/ai/obs.GPCPv2.3-CERESed4.2.ai.map.200101-201812.png

=== Combinations ===
WECANN-MODIS-GPCPv2.3-CERESed4.2                  : 0 shared years < 3, skipping
6 of 7 combinations have >= 3 shared years (200101-200512)

=== Common area mask ===
CLASS-MODIS-GPCPv2.3-CERESed4.2                   : 5.1388e+04 valid gridcells
DOLCE-MODIS-GPCPv2.3-CERESed4.2                   : 5.4377e+04 valid gridcells
FLUXCOM-MODIS-GPCPv2.3-CERESed4.2                 : 5.2372e+04 valid gridcells
GLEAMv3.3a-MODIS-GPCPv2.3-CERESed4.2              : 5.7530e+04 valid gridcells
MOD16A2-MODIS-GPCPv2.3-CERESed4.2                 : 4.9760e+04 valid gridcells
MODIS-MODIS-GPCPv2.3-CERESed4.2                   : 4.9760e+04 valid gridcells
common area: 4.4806e+04 of 5.8648e+04 land gridcells
/glade/work/bbuchovecky/et_unc/proc/obs/obs.area_mask.all6.200101-200512.nc

=== Pooled bin edges ===

lai
CLASS-MODIS-GPCPv2.3-CERESed4.2: ('lat', 'lon') (296, 720) -> 4.481e+04 finite [0.000e+00, 5.882e+00] zeros=0.375%
DOLCE-MODIS-GPCPv2.3-CERESed4.2: ('lat', 'lon') (296, 720) -> 4.481e+04 finite [0.000e+00, 5.882e+00] zeros=0.375%
FLUXCOM-MODIS-GPCPv2.3-CERESed4.2: ('lat', 'lon') (296, 720) -> 4.481e+04 finite [0.000e+00, 5.882e+00] zeros=0.375%
GLEAMv3.3a-MODIS-GPCPv2.3-CERESed4.2: ('lat', 'lon') (296, 720) -> 4.481e+04 finite [0.000e+00, 5.882e+00] zeros=0.375%
MOD16A2-MODIS-GPCPv2.3-CERESed4.2: ('lat', 'lon') (296, 720) -> 4.481e+04 finite [0.000e+00, 5.882e+00] zeros=0.375%
MODIS-MODIS-GPCPv2.3-CERESed4.2: ('lat', 'lon') (296, 720) -> 4.481e+04 finite [0.000e+00, 5.882e+00] zeros=0.375%
pooled: 2.688e+05 values -> 15 bins
edges: [0.         0.20144255 0.30503903 0.41240866 0.52016519 0.64165959
 0.79778357 0.99467062 1.22889188 1.50483443 1.83147062 2.16364376
 2.51207112 2.87054576 3.94559273 5.88196598]
/glade/work/bbuchovecky/et_unc/proc/qbin_edges/obs.lai_clim.15_quantiles_pooled.all6.200101-200512.nc
/glade/work/bbuchovecky/et_unc/fig/obs/qbin_edges/obs.lai_clim.15_quantiles_pooled.all6.200101-200512.png

ai
CLASS-MODIS-GPCPv2.3-CERESed4.2: ('lat', 'lon') (296, 720) -> 4.481e+04 finite [-1.799e-02, 6.521e+01] zeros=0.000%
DOLCE-MODIS-GPCPv2.3-CERESed4.2: ('lat', 'lon') (296, 720) -> 4.481e+04 finite [8.376e-03, 4.587e+01] zeros=0.000%
FLUXCOM-MODIS-GPCPv2.3-CERESed4.2: ('lat', 'lon') (296, 720) -> 4.481e+04 finite [8.376e-03, 4.587e+01] zeros=0.000%
GLEAMv3.3a-MODIS-GPCPv2.3-CERESed4.2: ('lat', 'lon') (296, 720) -> 4.481e+04 finite [8.376e-03, 4.587e+01] zeros=0.000%
MOD16A2-MODIS-GPCPv2.3-CERESed4.2: ('lat', 'lon') (296, 720) -> 4.481e+04 finite [8.376e-03, 4.587e+01] zeros=0.000%
MODIS-MODIS-GPCPv2.3-CERESed4.2: ('lat', 'lon') (296, 720) -> 4.481e+04 finite [8.376e-03, 4.587e+01] zeros=0.000%
pooled: 2.688e+05 values -> 15 bins
edges: [-1.79877369e-02  5.71504294e-01  7.22837193e-01  8.12655387e-01
  8.98437030e-01  9.81166375e-01  1.06904678e+00  1.17231931e+00
  1.30974407e+00  1.46674949e+00  1.64013380e+00  1.89038119e+00
  2.23206880e+00  2.84404269e+00  3.86694735e+00  6.52112471e+01]
/glade/work/bbuchovecky/et_unc/proc/qbin_edges/obs.ai_clim.15_quantiles_pooled.all6.200101-200512.nc
/glade/work/bbuchovecky/et_unc/fig/obs/qbin_edges/obs.ai_clim.15_quantiles_pooled.all6.200101-200512.png

=== Binned ET ===
CLASS-MODIS-GPCPv2.3-CERESed4.2                   : 200301-200512 (3 yr), 1.321e+05 samples binned
DOLCE-MODIS-GPCPv2.3-CERESed4.2                   : 200101-200512 (5 yr), 2.240e+05 samples binned
FLUXCOM-MODIS-GPCPv2.3-CERESed4.2                 : 200101-200512 (5 yr), 2.240e+05 samples binned
GLEAMv3.3a-MODIS-GPCPv2.3-CERESed4.2              : 200101-200512 (5 yr), 2.240e+05 samples binned
MOD16A2-MODIS-GPCPv2.3-CERESed4.2                 : 200101-200512 (5 yr), 2.240e+05 samples binned
MODIS-MODIS-GPCPv2.3-CERESed4.2                   : 200101-200512 (5 yr), 2.240e+05 samples binned
/glade/work/bbuchovecky/et_unc/proc/obs/qbin/obs.all6.et.qbin_clim_pooled_obs.200101-200512.nc
/glade/work/bbuchovecky/et_unc/fig/obs/qbin/obs.all6.et.qbin_clim_pooled_obs.200101-200512.summary.png
/glade/work/bbuchovecky/et_unc/fig/obs/qbin/obs.all6.et.qbin_clim_pooled_obs.200101-200512.bin_mean.png
/glade/work/bbuchovecky/et_unc/proc/obs/qbin/obs.all6.et.qbin_clim_combo.200101-200512.nc
/glade/work/bbuchovecky/et_unc/fig/obs/qbin/obs.all6.et.qbin_clim_combo.200101-200512.summary.png
/glade/work/bbuchovecky/et_unc/fig/obs/qbin/obs.all6.et.qbin_clim_combo.200101-200512.bin_mean.png
/glade/work/bbuchovecky/et_unc/proc/qbin_edges/obs.lai_clim.15_quantiles_combo.all6.200101-200512.nc
/glade/work/bbuchovecky/et_unc/fig/obs/qbin_edges/obs.lai_clim.15_quantiles_combo.all6.200101-200512.png
/glade/work/bbuchovecky/et_unc/proc/qbin_edges/obs.ai_clim.15_quantiles_combo.all6.200101-200512.nc
/glade/work/bbuchovecky/et_unc/fig/obs/qbin_edges/obs.ai_clim.15_quantiles_combo.all6.200101-200512.png
=== Load ILAMB products ===
et  CLASS       : ('year', 'lat', 'lon') (7, 296, 720) 200301-200912 [-5.29, 138] W/m2
et  DOLCE       : ('year', 'lat', 'lon') (10, 296, 720) 200001-200912 [1.03, 116] W/m2
et  FLUXCOM     : ('year', 'lat', 'lon') (37, 296, 720) 198001-201612 [-4.92, 173] W/m2
et  GLEAMv3.3a  : ('year', 'lat', 'lon') (39, 296, 720) 198001-201812 [-2.61, 165] W/m2
et  MOD16A2     : ('year', 'lat', 'lon') (15, 296, 720) 200001-201412 [0.21, 134] W/m2
et  MODIS       : ('year', 'lat', 'lon') (14, 296, 720) 200001-201312 [0.208, 134] W/m2
et/WECANN: regridding 180x360 -> 0.5 deg
/glade/work/bbuchovecky/miniforge3/envs/data-sci-py312/lib/python3.12/site-packages/xesmf/smm.py:131: UserWarning: Input array is not C_CONTIGUOUS. Will affect performance.
  warnings.warn('Input array is not C_CONTIGUOUS. ' 'Will affect performance.')
et  WECANN      : ('year', 'lat', 'lon') (9, 296, 720) 200701-201512 [-0.651, 102] W/m2
/glade/work/bbuchovecky/miniforge3/envs/data-sci-py312/lib/python3.12/site-packages/xarray/conventions.py:204: SerializationWarning: variable 'lai' has multiple fill values {np.float32(1e+36), np.float32(-999.0)} defined, decoding all values to NaN.
  var = coder.decode(var, name=name)
lai MODIS       : ('year', 'lat', 'lon') (6, 296, 720) 200001-200512 [0, 5.88] m2/m2
pr  GPCPv2.3    : ('year', 'lat', 'lon') (40, 296, 720) 197901-201812 [0.01, 548] W/m2
rns/CERESed4.2: regridding 180x360 -> 0.5 deg
/glade/work/bbuchovecky/miniforge3/envs/data-sci-py312/lib/python3.12/site-packages/xesmf/smm.py:131: UserWarning: Input array is not C_CONTIGUOUS. Will affect performance.
  warnings.warn('Input array is not C_CONTIGUOUS. ' 'Will affect performance.')
rns CERESed4.2  : ('year', 'lat', 'lon') (22, 296, 720) 200101-202212 [-21.5, 220] W/m2

=== Maps of climatological means ===
/glade/work/bbuchovecky/et_unc/fig/obs/et/obs.CLASS.et.map.200301-200912.png
/glade/work/bbuchovecky/et_unc/fig/obs/et/obs.DOLCE.et.map.200001-200912.png
/glade/work/bbuchovecky/et_unc/fig/obs/et/obs.FLUXCOM.et.map.198001-201612.png
/glade/work/bbuchovecky/et_unc/fig/obs/et/obs.GLEAMv3.3a.et.map.198001-201812.png
/glade/work/bbuchovecky/et_unc/fig/obs/et/obs.MOD16A2.et.map.200001-201412.png
/glade/work/bbuchovecky/et_unc/fig/obs/et/obs.MODIS.et.map.200001-201312.png
/glade/work/bbuchovecky/et_unc/fig/obs/et/obs.WECANN.et.map.200701-201512.png
/glade/work/bbuchovecky/et_unc/fig/obs/lai/obs.MODIS.lai.map.200001-200512.png
/glade/work/bbuchovecky/et_unc/fig/obs/pr/obs.GPCPv2.3.pr.map.197901-201812.png
/glade/work/bbuchovecky/et_unc/fig/obs/rns/obs.CERESed4.2.rns.map.200101-202212.png
/glade/work/bbuchovecky/et_unc/fig/obs/ai/obs.GPCPv2.3-CERESed4.2.ai.map.200101-201812.png

=== Combinations ===
WECANN-MODIS-GPCPv2.3-CERESed4.2                  : 0 shared years < 3, skipping
6 of 7 combinations have >= 3 shared years (200101-200512)

=== Common area mask ===
CLASS-MODIS-GPCPv2.3-CERESed4.2                   : 5.1388e+04 valid gridcells
DOLCE-MODIS-GPCPv2.3-CERESed4.2                   : 5.4377e+04 valid gridcells
FLUXCOM-MODIS-GPCPv2.3-CERESed4.2                 : 5.2372e+04 valid gridcells
GLEAMv3.3a-MODIS-GPCPv2.3-CERESed4.2              : 5.7530e+04 valid gridcells
MOD16A2-MODIS-GPCPv2.3-CERESed4.2                 : 4.9760e+04 valid gridcells
MODIS-MODIS-GPCPv2.3-CERESed4.2                   : 4.9760e+04 valid gridcells
common area: 4.4806e+04 of 5.8648e+04 land gridcells
/glade/work/bbuchovecky/et_unc/proc/obs/obs.area_mask.all6.200101-200512.nc

=== Pooled bin edges ===

lai
CLASS-MODIS-GPCPv2.3-CERESed4.2: ('lat', 'lon') (296, 720) -> 4.481e+04 finite [0.000e+00, 5.882e+00] zeros=0.375%
DOLCE-MODIS-GPCPv2.3-CERESed4.2: ('lat', 'lon') (296, 720) -> 4.481e+04 finite [0.000e+00, 5.882e+00] zeros=0.375%
FLUXCOM-MODIS-GPCPv2.3-CERESed4.2: ('lat', 'lon') (296, 720) -> 4.481e+04 finite [0.000e+00, 5.882e+00] zeros=0.375%
GLEAMv3.3a-MODIS-GPCPv2.3-CERESed4.2: ('lat', 'lon') (296, 720) -> 4.481e+04 finite [0.000e+00, 5.882e+00] zeros=0.375%
MOD16A2-MODIS-GPCPv2.3-CERESed4.2: ('lat', 'lon') (296, 720) -> 4.481e+04 finite [0.000e+00, 5.882e+00] zeros=0.375%
MODIS-MODIS-GPCPv2.3-CERESed4.2: ('lat', 'lon') (296, 720) -> 4.481e+04 finite [0.000e+00, 5.882e+00] zeros=0.375%
pooled: 2.688e+05 values -> 15 bins
edges: [0.         0.20144255 0.30503903 0.41240866 0.52016519 0.64165959
 0.79778357 0.99467062 1.22889188 1.50483443 1.83147062 2.16364376
 2.51207112 2.87054576 3.94559273 5.88196598]
/glade/work/bbuchovecky/et_unc/proc/qbin_edges/obs.lai_clim.15_quantiles_pooled.all6.200101-200512.nc
/glade/work/bbuchovecky/et_unc/fig/obs/qbin_edges/obs.lai_clim.15_quantiles_pooled.all6.200101-200512.png

ai
CLASS-MODIS-GPCPv2.3-CERESed4.2: ('lat', 'lon') (296, 720) -> 4.481e+04 finite [-1.799e-02, 6.521e+01] zeros=0.000%
DOLCE-MODIS-GPCPv2.3-CERESed4.2: ('lat', 'lon') (296, 720) -> 4.481e+04 finite [8.376e-03, 4.587e+01] zeros=0.000%
FLUXCOM-MODIS-GPCPv2.3-CERESed4.2: ('lat', 'lon') (296, 720) -> 4.481e+04 finite [8.376e-03, 4.587e+01] zeros=0.000%
GLEAMv3.3a-MODIS-GPCPv2.3-CERESed4.2: ('lat', 'lon') (296, 720) -> 4.481e+04 finite [8.376e-03, 4.587e+01] zeros=0.000%
MOD16A2-MODIS-GPCPv2.3-CERESed4.2: ('lat', 'lon') (296, 720) -> 4.481e+04 finite [8.376e-03, 4.587e+01] zeros=0.000%
MODIS-MODIS-GPCPv2.3-CERESed4.2: ('lat', 'lon') (296, 720) -> 4.481e+04 finite [8.376e-03, 4.587e+01] zeros=0.000%
pooled: 2.688e+05 values -> 15 bins
edges: [-1.79877369e-02  5.71504294e-01  7.22837193e-01  8.12655387e-01
  8.98437030e-01  9.81166375e-01  1.06904678e+00  1.17231931e+00
  1.30974407e+00  1.46674949e+00  1.64013380e+00  1.89038119e+00
  2.23206880e+00  2.84404269e+00  3.86694735e+00  6.52112471e+01]
/glade/work/bbuchovecky/et_unc/proc/qbin_edges/obs.ai_clim.15_quantiles_pooled.all6.200101-200512.nc
/glade/work/bbuchovecky/et_unc/fig/obs/qbin_edges/obs.ai_clim.15_quantiles_pooled.all6.200101-200512.png

=== Binned ET ===
CLASS-MODIS-GPCPv2.3-CERESed4.2                   : 200301-200512 (3 yr), 1.321e+05 samples binned
DOLCE-MODIS-GPCPv2.3-CERESed4.2                   : 200101-200512 (5 yr), 2.240e+05 samples binned
FLUXCOM-MODIS-GPCPv2.3-CERESed4.2                 : 200101-200512 (5 yr), 2.240e+05 samples binned
GLEAMv3.3a-MODIS-GPCPv2.3-CERESed4.2              : 200101-200512 (5 yr), 2.240e+05 samples binned
MOD16A2-MODIS-GPCPv2.3-CERESed4.2                 : 200101-200512 (5 yr), 2.240e+05 samples binned
MODIS-MODIS-GPCPv2.3-CERESed4.2                   : 200101-200512 (5 yr), 2.240e+05 samples binned
/glade/work/bbuchovecky/et_unc/proc/obs/qbin/obs.all6.et.qbin_clim_pooled_obs.200101-200512.nc
/glade/work/bbuchovecky/et_unc/fig/obs/qbin/obs.all6.et.qbin_clim_pooled_obs.200101-200512.summary.png
/glade/work/bbuchovecky/et_unc/fig/obs/qbin/obs.all6.et.qbin_clim_pooled_obs.200101-200512.bin_mean.png
/glade/work/bbuchovecky/et_unc/proc/obs/qbin/obs.all6.et.qbin_clim_pooled_obs.200101-200512.et_product_std.nc
/glade/work/bbuchovecky/et_unc/fig/obs/qbin/obs.all6.et.qbin_clim_pooled_obs.200101-200512.et_product_std.png
/glade/work/bbuchovecky/et_unc/proc/obs/qbin/obs.all6.et.qbin_clim_combo.200101-200512.nc
/glade/work/bbuchovecky/et_unc/fig/obs/qbin/obs.all6.et.qbin_clim_combo.200101-200512.summary.png
/glade/work/bbuchovecky/et_unc/fig/obs/qbin/obs.all6.et.qbin_clim_combo.200101-200512.bin_mean.png
/glade/work/bbuchovecky/et_unc/proc/qbin_edges/obs.lai_clim.15_quantiles_combo.all6.200101-200512.nc
/glade/work/bbuchovecky/et_unc/fig/obs/qbin_edges/obs.lai_clim.15_quantiles_combo.all6.200101-200512.png
/glade/work/bbuchovecky/et_unc/proc/qbin_edges/obs.ai_clim.15_quantiles_combo.all6.200101-200512.nc
/glade/work/bbuchovecky/et_unc/fig/obs/qbin_edges/obs.ai_clim.15_quantiles_combo.all6.200101-200512.png
=== Load ILAMB products ===
et  CLASS       : ('year', 'lat', 'lon') (7, 296, 720) 200301-200912 [-5.29, 138] W/m2
et  DOLCE       : ('year', 'lat', 'lon') (10, 296, 720) 200001-200912 [1.03, 116] W/m2
et  FLUXCOM     : ('year', 'lat', 'lon') (37, 296, 720) 198001-201612 [-4.92, 173] W/m2
et  GLEAMv3.3a  : ('year', 'lat', 'lon') (39, 296, 720) 198001-201812 [-2.61, 165] W/m2
et  MOD16A2     : ('year', 'lat', 'lon') (15, 296, 720) 200001-201412 [0.21, 134] W/m2
et  MODIS       : ('year', 'lat', 'lon') (14, 296, 720) 200001-201312 [0.208, 134] W/m2
et/WECANN: regridding 180x360 -> 0.5 deg
/glade/work/bbuchovecky/miniforge3/envs/data-sci-py312/lib/python3.12/site-packages/xesmf/smm.py:131: UserWarning: Input array is not C_CONTIGUOUS. Will affect performance.
  warnings.warn('Input array is not C_CONTIGUOUS. ' 'Will affect performance.')
et  WECANN      : ('year', 'lat', 'lon') (9, 296, 720) 200701-201512 [-0.651, 102] W/m2
/glade/work/bbuchovecky/miniforge3/envs/data-sci-py312/lib/python3.12/site-packages/xarray/conventions.py:204: SerializationWarning: variable 'lai' has multiple fill values {np.float32(1e+36), np.float32(-999.0)} defined, decoding all values to NaN.
  var = coder.decode(var, name=name)
lai MODIS       : ('year', 'lat', 'lon') (6, 296, 720) 200001-200512 [0, 5.88] m2/m2
pr  GPCPv2.3    : ('year', 'lat', 'lon') (40, 296, 720) 197901-201812 [0.01, 548] W/m2
rns/CERESed4.2: regridding 180x360 -> 0.5 deg
/glade/work/bbuchovecky/miniforge3/envs/data-sci-py312/lib/python3.12/site-packages/xesmf/smm.py:131: UserWarning: Input array is not C_CONTIGUOUS. Will affect performance.
  warnings.warn('Input array is not C_CONTIGUOUS. ' 'Will affect performance.')
rns CERESed4.2  : ('year', 'lat', 'lon') (22, 296, 720) 200101-202212 [-21.5, 220] W/m2

=== Maps of climatological means ===
/glade/work/bbuchovecky/et_unc/fig/obs/et/obs.CLASS.et.map.200301-200912.png
/glade/work/bbuchovecky/et_unc/fig/obs/et/obs.DOLCE.et.map.200001-200912.png
/glade/work/bbuchovecky/et_unc/fig/obs/et/obs.FLUXCOM.et.map.198001-201612.png
/glade/work/bbuchovecky/et_unc/fig/obs/et/obs.GLEAMv3.3a.et.map.198001-201812.png
/glade/work/bbuchovecky/et_unc/fig/obs/et/obs.MOD16A2.et.map.200001-201412.png
/glade/work/bbuchovecky/et_unc/fig/obs/et/obs.MODIS.et.map.200001-201312.png
/glade/work/bbuchovecky/et_unc/fig/obs/et/obs.WECANN.et.map.200701-201512.png
/glade/work/bbuchovecky/et_unc/fig/obs/lai/obs.MODIS.lai.map.200001-200512.png
/glade/work/bbuchovecky/et_unc/fig/obs/pr/obs.GPCPv2.3.pr.map.197901-201812.png
/glade/work/bbuchovecky/et_unc/fig/obs/rns/obs.CERESed4.2.rns.map.200101-202212.png
/glade/work/bbuchovecky/et_unc/fig/obs/ai/obs.GPCPv2.3-CERESed4.2.ai.map.200101-201812.png

=== Combinations ===
WECANN-MODIS-GPCPv2.3-CERESed4.2                  : 0 shared years < 3, skipping
6 of 7 combinations have >= 3 shared years (200101-200512)

=== Common area mask ===
CLASS-MODIS-GPCPv2.3-CERESed4.2                   : 5.1388e+04 valid gridcells
DOLCE-MODIS-GPCPv2.3-CERESed4.2                   : 5.4377e+04 valid gridcells
FLUXCOM-MODIS-GPCPv2.3-CERESed4.2                 : 5.2372e+04 valid gridcells
GLEAMv3.3a-MODIS-GPCPv2.3-CERESed4.2              : 5.7530e+04 valid gridcells
MOD16A2-MODIS-GPCPv2.3-CERESed4.2                 : 4.9760e+04 valid gridcells
MODIS-MODIS-GPCPv2.3-CERESed4.2                   : 4.9760e+04 valid gridcells
common area: 4.4806e+04 of 5.8648e+04 land gridcells
/glade/work/bbuchovecky/et_unc/proc/obs/obs.area_mask.all6.200101-200512.nc

=== Pooled bin edges ===

lai
CLASS-MODIS-GPCPv2.3-CERESed4.2: ('lat', 'lon') (296, 720) -> 4.481e+04 finite [0.000e+00, 5.882e+00] zeros=0.375%
DOLCE-MODIS-GPCPv2.3-CERESed4.2: ('lat', 'lon') (296, 720) -> 4.481e+04 finite [0.000e+00, 5.882e+00] zeros=0.375%
FLUXCOM-MODIS-GPCPv2.3-CERESed4.2: ('lat', 'lon') (296, 720) -> 4.481e+04 finite [0.000e+00, 5.882e+00] zeros=0.375%
GLEAMv3.3a-MODIS-GPCPv2.3-CERESed4.2: ('lat', 'lon') (296, 720) -> 4.481e+04 finite [0.000e+00, 5.882e+00] zeros=0.375%
MOD16A2-MODIS-GPCPv2.3-CERESed4.2: ('lat', 'lon') (296, 720) -> 4.481e+04 finite [0.000e+00, 5.882e+00] zeros=0.375%
MODIS-MODIS-GPCPv2.3-CERESed4.2: ('lat', 'lon') (296, 720) -> 4.481e+04 finite [0.000e+00, 5.882e+00] zeros=0.375%
pooled: 2.688e+05 values -> 15 bins
edges: [0.         0.20144255 0.30503903 0.41240866 0.52016519 0.64165959
 0.79778357 0.99467062 1.22889188 1.50483443 1.83147062 2.16364376
 2.51207112 2.87054576 3.94559273 5.88196598]
/glade/work/bbuchovecky/et_unc/proc/qbin_edges/obs.lai_clim.15_quantiles_pooled.all6.200101-200512.nc
/glade/work/bbuchovecky/et_unc/fig/obs/qbin_edges/obs.lai_clim.15_quantiles_pooled.all6.200101-200512.png

ai
CLASS-MODIS-GPCPv2.3-CERESed4.2: ('lat', 'lon') (296, 720) -> 4.481e+04 finite [-1.799e-02, 6.521e+01] zeros=0.000%
DOLCE-MODIS-GPCPv2.3-CERESed4.2: ('lat', 'lon') (296, 720) -> 4.481e+04 finite [8.376e-03, 4.587e+01] zeros=0.000%
FLUXCOM-MODIS-GPCPv2.3-CERESed4.2: ('lat', 'lon') (296, 720) -> 4.481e+04 finite [8.376e-03, 4.587e+01] zeros=0.000%
GLEAMv3.3a-MODIS-GPCPv2.3-CERESed4.2: ('lat', 'lon') (296, 720) -> 4.481e+04 finite [8.376e-03, 4.587e+01] zeros=0.000%
MOD16A2-MODIS-GPCPv2.3-CERESed4.2: ('lat', 'lon') (296, 720) -> 4.481e+04 finite [8.376e-03, 4.587e+01] zeros=0.000%
MODIS-MODIS-GPCPv2.3-CERESed4.2: ('lat', 'lon') (296, 720) -> 4.481e+04 finite [8.376e-03, 4.587e+01] zeros=0.000%
pooled: 2.688e+05 values -> 15 bins
edges: [-1.79877369e-02  5.71504294e-01  7.22837193e-01  8.12655387e-01
  8.98437030e-01  9.81166375e-01  1.06904678e+00  1.17231931e+00
  1.30974407e+00  1.46674949e+00  1.64013380e+00  1.89038119e+00
  2.23206880e+00  2.84404269e+00  3.86694735e+00  6.52112471e+01]
/glade/work/bbuchovecky/et_unc/proc/qbin_edges/obs.ai_clim.15_quantiles_pooled.all6.200101-200512.nc
/glade/work/bbuchovecky/et_unc/fig/obs/qbin_edges/obs.ai_clim.15_quantiles_pooled.all6.200101-200512.png

=== Binned ET ===
CLASS-MODIS-GPCPv2.3-CERESed4.2                   : 200301-200512 (3 yr), 1.321e+05 samples binned
DOLCE-MODIS-GPCPv2.3-CERESed4.2                   : 200101-200512 (5 yr), 2.240e+05 samples binned
FLUXCOM-MODIS-GPCPv2.3-CERESed4.2                 : 200101-200512 (5 yr), 2.240e+05 samples binned
GLEAMv3.3a-MODIS-GPCPv2.3-CERESed4.2              : 200101-200512 (5 yr), 2.240e+05 samples binned
MOD16A2-MODIS-GPCPv2.3-CERESed4.2                 : 200101-200512 (5 yr), 2.240e+05 samples binned
MODIS-MODIS-GPCPv2.3-CERESed4.2                   : 200101-200512 (5 yr), 2.240e+05 samples binned
/glade/work/bbuchovecky/et_unc/proc/obs/qbin/obs.all6.et.qbin_clim_pooled_obs.200101-200512.nc
/glade/work/bbuchovecky/et_unc/fig/obs/qbin/obs.all6.et.qbin_clim_pooled_obs.200101-200512.summary.png
/glade/work/bbuchovecky/et_unc/fig/obs/qbin/obs.all6.et.qbin_clim_pooled_obs.200101-200512.bin_mean.png
pooled_obs: 24 of 1326 non-empty bins not significant at 95%
/glade/work/bbuchovecky/et_unc/fig/obs/qbin/obs.all6.et.qbin_clim_pooled_obs.200101-200512.bin_mean_signif.png
/glade/work/bbuchovecky/et_unc/proc/obs/qbin/obs.all6.et.qbin_clim_pooled_obs.200101-200512.et_product_std.nc
/glade/work/bbuchovecky/et_unc/fig/obs/qbin/obs.all6.et.qbin_clim_pooled_obs.200101-200512.et_product_std.png
/glade/work/bbuchovecky/et_unc/proc/obs/qbin/obs.all6.et.qbin_clim_combo.200101-200512.nc
/glade/work/bbuchovecky/et_unc/fig/obs/qbin/obs.all6.et.qbin_clim_combo.200101-200512.summary.png
/glade/work/bbuchovecky/et_unc/fig/obs/qbin/obs.all6.et.qbin_clim_combo.200101-200512.bin_mean.png
combo: 18 of 1321 non-empty bins not significant at 95%
/glade/work/bbuchovecky/et_unc/fig/obs/qbin/obs.all6.et.qbin_clim_combo.200101-200512.bin_mean_signif.png
/glade/work/bbuchovecky/et_unc/proc/qbin_edges/obs.lai_clim.15_quantiles_combo.all6.200101-200512.nc
/glade/work/bbuchovecky/et_unc/fig/obs/qbin_edges/obs.lai_clim.15_quantiles_combo.all6.200101-200512.png
/glade/work/bbuchovecky/et_unc/proc/qbin_edges/obs.ai_clim.15_quantiles_combo.all6.200101-200512.nc
/glade/work/bbuchovecky/et_unc/fig/obs/qbin_edges/obs.ai_clim.15_quantiles_combo.all6.200101-200512.png
